Component: ARM Compiler 5.05 update 1 (build 106) Tool: armlink [4d0efa]

==============================================================================

Section Cross References

    main.o(.text) refers to delay.o(.text) for delay_init
    main.o(.text) refers to misc.o(.text) for NVIC_PriorityGroupConfig
    main.o(.text) refers to led.o(.text) for LED_Init
    main.o(.text) refers to timer.o(.text) for TIM3_Int_Init
    main.o(.text) refers to oled.o(.text) for I2C_Configuration
    main.o(.text) refers to mpu6050.o(.text) for MPU_Init
    main.o(.text) refers to ffix.o(x$fpl$ffix) for __aeabi_f2iz
    main.o(.text) refers to dflt_clz.o(x$fpl$dflt) for __aeabi_i2d
    main.o(.text) refers to ddiv.o(x$fpl$ddiv) for __aeabi_ddiv
    main.o(.text) refers to d2f.o(x$fpl$d2f) for __aeabi_d2f
    main.o(.text) refers to main.o(.data) for str0
    main.o(.text) refers to stm32f10x_tim.o(.text) for TIM_GetITStatus
    main.o(.text) refers to atan2.o(i.atan2) for atan2
    main.o(.text) refers to dmul.o(x$fpl$dmul) for __aeabi_dmul
    main.o(.text) refers to f2d.o(x$fpl$f2d) for __aeabi_f2d
    main.o(.text) refers to daddsub_clz.o(x$fpl$dsub) for __aeabi_dsub
    main.o(.text) refers to daddsub_clz.o(x$fpl$dadd) for __aeabi_dadd
    system_stm32f10x.o(.text) refers to system_stm32f10x.o(.data) for SystemCoreClock
    led.o(.text) refers to stm32f10x_rcc.o(.text) for RCC_APB2PeriphClockCmd
    led.o(.text) refers to stm32f10x_gpio.o(.text) for GPIO_Init
    oled.o(.text) refers to stm32f10x_rcc.o(.text) for RCC_APB1PeriphClockCmd
    oled.o(.text) refers to stm32f10x_gpio.o(.text) for GPIO_Init
    oled.o(.text) refers to stm32f10x_i2c.o(.text) for I2C_DeInit
    oled.o(.text) refers to delay.o(.text) for delay_ms
    oled.o(.text) refers to oled.o(.constdata) for F6x8
    oled.o(.text) refers to oled.o(.data) for F16x16
    mpu6050.o(.text) refers to stm32f10x_rcc.o(.text) for RCC_APB2PeriphClockCmd
    mpu6050.o(.text) refers to stm32f10x_gpio.o(.text) for GPIO_Init
    mpu6050.o(.text) refers to delay.o(.text) for delay_us
    mpu6050.o(.text) refers to dflt_clz.o(x$fpl$dflt) for __aeabi_i2d
    mpu6050.o(.text) refers to ddiv.o(x$fpl$ddiv) for __aeabi_ddiv
    mpu6050.o(.text) refers to daddsub_clz.o(x$fpl$dadd) for __aeabi_dadd
    mpu6050.o(.text) refers to d2f.o(x$fpl$d2f) for __aeabi_d2f
    mpu6050.o(.text) refers to fmul.o(x$fpl$fmul) for __aeabi_fmul
    mpu6050.o(.text) refers to ffix.o(x$fpl$ffix) for __aeabi_f2iz
    timer.o(.text) refers to stm32f10x_rcc.o(.text) for RCC_APB1PeriphClockCmd
    timer.o(.text) refers to stm32f10x_tim.o(.text) for TIM_TimeBaseInit
    timer.o(.text) refers to misc.o(.text) for NVIC_Init
    senware.o(.text) refers to stm32f10x_usart.o(.text) for USART_SendData
    delay.o(.text) refers to misc.o(.text) for SysTick_CLKSourceConfig
    delay.o(.text) refers to system_stm32f10x.o(.data) for SystemCoreClock
    delay.o(.text) refers to delay.o(.data) for fac_us
    usart.o(.text) refers (Special) to use_no_semi_2.o(.text) for __use_no_semihosting
    usart.o(.text) refers to stm32f10x_rcc.o(.text) for RCC_APB2PeriphClockCmd
    usart.o(.text) refers to stm32f10x_gpio.o(.text) for GPIO_Init
    usart.o(.text) refers to misc.o(.text) for NVIC_Init
    usart.o(.text) refers to stm32f10x_usart.o(.text) for USART_Init
    usart.o(.text) refers to usart.o(.data) for USART_RX_STA
    usart.o(.text) refers to usart.o(.bss) for USART_RX_BUF
    usart.o(.bss) refers (Special) to use_no_semi_2.o(.text) for __use_no_semihosting
    usart.o(.data) refers (Special) to use_no_semi_2.o(.text) for __use_no_semihosting
    startup_stm32f10x_hd.o(STACK) refers (Special) to heapauxi.o(.text) for __use_two_region_memory
    startup_stm32f10x_hd.o(HEAP) refers (Special) to heapauxi.o(.text) for __use_two_region_memory
    startup_stm32f10x_hd.o(RESET) refers (Special) to heapauxi.o(.text) for __use_two_region_memory
    startup_stm32f10x_hd.o(RESET) refers to startup_stm32f10x_hd.o(STACK) for __initial_sp
    startup_stm32f10x_hd.o(RESET) refers to startup_stm32f10x_hd.o(.text) for Reset_Handler
    startup_stm32f10x_hd.o(RESET) refers to stm32f10x_it.o(.text) for NMI_Handler
    startup_stm32f10x_hd.o(RESET) refers to main.o(.text) for TIM3_IRQHandler
    startup_stm32f10x_hd.o(RESET) refers to usart.o(.text) for USART1_IRQHandler
    startup_stm32f10x_hd.o(.text) refers (Special) to heapauxi.o(.text) for __use_two_region_memory
    startup_stm32f10x_hd.o(.text) refers to system_stm32f10x.o(.text) for SystemInit
    startup_stm32f10x_hd.o(.text) refers to __main.o(!!!main) for __main
    startup_stm32f10x_hd.o(.text) refers to startup_stm32f10x_hd.o(HEAP) for Heap_Mem
    startup_stm32f10x_hd.o(.text) refers to startup_stm32f10x_hd.o(STACK) for Stack_Mem
    stm32f10x_gpio.o(.text) refers to stm32f10x_rcc.o(.text) for RCC_APB2PeriphResetCmd
    stm32f10x_rcc.o(.text) refers to stm32f10x_rcc.o(.data) for APBAHBPrescTable
[...]
    rtexit.o(.ARM.exidx) refers (Special) to rtexit2.o(.ARM.Collect$$rtexit$$00000003) for __rt_exit_ls
    rtexit.o(.ARM.exidx) refers (Special) to rtexit2.o(.ARM.Collect$$rtexit$$00000002) for __rt_exit_prels_1
    rtexit.o(.ARM.exidx) refers to rtexit.o(.ARM.Collect$$rtexit$$00000000) for .ARM.Collect$$rtexit$$00000000
    libinit2.o(.ARM.Collect$$libinit$$00000010) refers to libinit2.o(.ARM.Collect$$libinit$$0000000F) for .ARM.Collect$$libinit$$0000000F
    libinit2.o(.ARM.Collect$$libinit$$00000012) refers to libinit2.o(.ARM.Collect$$libinit$$0000000F) for .ARM.Collect$$libinit$$0000000F
    libinit2.o(.ARM.Collect$$libinit$$00000014) refers to libinit2.o(.ARM.Collect$$libinit$$0000000F) for .ARM.Collect$$libinit$$0000000F
    libinit2.o(.ARM.Collect$$libinit$$00000016) refers to libinit2.o(.ARM.Collect$$libinit$$0000000F) for .ARM.Collect$$libinit$$0000000F
    libinit2.o(.ARM.Collect$$libinit$$00000018) refers to libinit2.o(.ARM.Collect$$libinit$$0000000F) for .ARM.Collect$$libinit$$0000000F
    libinit2.o(.ARM.Collect$$libinit$$00000026) refers to argv_veneer.o(.emb_text) for __ARM_argv_veneer
    libinit2.o(.ARM.Collect$$libinit$$00000027) refers to argv_veneer.o(.emb_text) for __ARM_argv_veneer
    retnan.o(x$fpl$retnan) refers (Special) to usenofp.o(x$fpl$usenofp) for __I$use$fp
    retnan.o(x$fpl$retnan) refers to trapv.o(x$fpl$trapveneer) for __fpl_cmpreturn
    rtexit2.o(.ARM.Collect$$rtexit$$00000003) refers to libshutdown.o(.ARM.Collect$$libshutdown$$00000000) for __rt_lib_shutdown
    rtexit2.o(.ARM.Collect$$rtexit$$00000004) refers to usart.o(.text) for _sys_exit
    rtexit2.o(.ARM.exidx) refers to rtexit2.o(.ARM.Collect$$rtexit$$00000001) for .ARM.Collect$$rtexit$$00000001
    rtexit2.o(.ARM.exidx) refers to rtexit2.o(.ARM.Collect$$rtexit$$00000003) for .ARM.Collect$$rtexit$$00000003
    rtexit2.o(.ARM.exidx) refers to rtexit2.o(.ARM.Collect$$rtexit$$00000004) for .ARM.Collect$$rtexit$$00000004
    argv_veneer.o(.emb_text) refers to no_argv.o(.text) for __ARM_get_argv
    trapv.o(x$fpl$trapveneer) refers (Special) to usenofp.o(x$fpl$usenofp) for __I$use$fp
    _get_argv_nomalloc.o(.text) refers (Special) to hrguard.o(.text) for __heap_region$guard
    _get_argv_nomalloc.o(.text) refers to defsig_rtmem_outer.o(.text) for __rt_SIGRTMEM
    _get_argv_nomalloc.o(.text) refers to sys_command.o(.text) for _sys_command_string
    libshutdown.o(.ARM.Collect$$libshutdown$$00000000) refers (Special) to libshutdown2.o(.ARM.Collect$$libshutdown$$00000006) for __rt_lib_shutdown_fp_trap_1
    libshutdown.o(.ARM.Collect$$libshutdown$$00000000) refers (Special) to libshutdown2.o(.ARM.Collect$$libshutdown$$0000000E) for __rt_lib_shutdown_heap_1
    libshutdown.o(.ARM.Collect$$libshutdown$$00000000) refers (Special) to libshutdown2.o(.ARM.Collect$$libshutdown$$0000000F) for __rt_lib_shutdown_return
    libshutdown.o(.ARM.Collect$$libshutdown$$00000000) refers (Special) to libshutdown2.o(.ARM.Collect$$libshutdown$$00000009) for __rt_lib_shutdown_signal_1
    libshutdown.o(.ARM.Collect$$libshutdown$$00000000) refers (Special) to libshutdown2.o(.ARM.Collect$$libshutdown$$00000003) for __rt_lib_shutdown_stdio_1
    libshutdown.o(.ARM.Collect$$libshutdown$$00000000) refers (Special) to libshutdown2.o(.ARM.Collect$$libshutdown$$0000000B) for __rt_lib_shutdown_user_alloc_1
    sys_command.o(.text) refers (Special) to use_no_semi.o(.text) for __I$use$semihosting
    sys_command.o(.text) refers (Special) to indicate_semi.o(.text) for __semihosting_library_function
    defsig_rtmem_outer.o(.text) refers to defsig_rtmem_inner.o(.text) for __rt_SIGRTMEM_inner
    defsig_rtmem_outer.o(.text) refers to defsig_exit.o(.text) for __sig_exit
    defsig_rtmem_formal.o(.text) refers to rt_raise.o(.text) for __rt_raise
    rt_raise.o(.text) refers to __raise.o(.text) for __raise
    rt_raise.o(.text) refers to usart.o(.text) for _sys_exit
    defsig_exit.o(.text) refers to usart.o(.text) for _sys_exit
    defsig_rtmem_inner.o(.text) refers to defsig_general.o(.text) for __default_signal_display
    __raise.o(.text) refers to defsig.o(CL$$defsig) for __default_signal_handler
    defsig_general.o(.text) refers to sys_wrch.o(.text) for _ttywrch
    sys_wrch.o(.text) refers (Special) to use_no_semi.o(.text) for __I$use$semihosting
    sys_wrch.o(.text) refers (Special) to indicate_semi.o(.text) for __semihosting_library_function
    defsig.o(CL$$defsig) refers to defsig_rtmem_inner.o(.text) for __rt_SIGRTMEM_inner
    defsig_abrt_inner.o(.text) refers to defsig_general.o(.text) for __default_signal_display
    defsig_fpe_inner.o(.text) refers to defsig_general.o(.text) for __default_signal_display
    defsig_rtred_inner.o(.text) refers to defsig_general.o(.text) for __default_signal_display
    defsig_stak_inner.o(.text) refers to defsig_general.o(.text) for __default_signal_display
    defsig_pvfn_inner.o(.text) refers to defsig_general.o(.text) for __default_signal_display
    defsig_cppl_inner.o(.text) refers to defsig_general.o(.text) for __default_signal_display
    defsig_segv_inner.o(.text) refers to defsig_general.o(.text) for __default_signal_display
    defsig_other.o(.text) refers to defsig_general.o(.text) for __default_signal_display


==============================================================================

Removing Unused input sections from the image.

    Removing senware.o(.text), (100 bytes).
    Removing sys.o(.emb_text), (6 bytes).
    Removing sys.o(.text), (12 bytes).
    Removing core_cm3.o(.emb_text), (32 bytes).

4 unused section(s) (total 150 bytes) removed from the image.

==============================================================================

Image Symbol Table

    Local Symbols

    Symbol Name                              Value     Ov Type        Size  Object(Section)

    ../clib/angel/boardlib.s                 0x00000000   Number         0  boardinit3.o ABSOLUTE
    ../clib/angel/boardlib.s                 0x00000000   Number         0  boardinit1.o ABSOLUTE
    ../clib/angel/boardlib.s                 0x00000000   Number         0  boardshut.o ABSOLUTE
    ../clib/angel/boardlib.s                 0x00000000   Number         0  boardinit2.o ABSOLUTE
    ../clib/angel/dczerorl2.s                0x00000000   Number         0  __dczerorl2.o ABSOLUTE
    ../clib/angel/handlers.s                 0x00000000   Number         0  __scatter_zi.o ABSOLUTE
    ../clib/angel/kernel.s                   0x00000000   Number         0  rtexit2.o ABSOLUTE
    ../clib/angel/kernel.s                   0x00000000   Number         0  __rtentry.o ABSOLUTE
    ../clib/angel/kernel.s                   0x00000000   Number         0  __rtentry4.o ABSOLUTE
    ../clib/angel/kernel.s                   0x00000000   Number         0  __rtentry2.o ABSOLUTE
    ../clib/angel/kernel.s                   0x00000000   Number         0  rtexit.o ABSOLUTE
    ../clib/angel/rt.s                       0x00000000   Number         0  rt_errno_addr_intlibspace.o ABSOLUTE
    ../clib/angel/rt.s                       0x00000000   Number         0  rt_errno_addr.o ABSOLUTE
    ../clib/angel/rt.s                       0x00000000   Number         0  rt_raise.o ABSOLUTE
    ../clib/angel/scatter.s                  0x00000000   Number         0  __scatter.o ABSOLUTE
    ../clib/angel/startup.s                  0x00000000   Number         0  __main.o ABSOLUTE
    ../clib/angel/sys.s                      0x00000000   Number         0  indicate_semi.o ABSOLUTE
    ../clib/angel/sys.s                      0x00000000   Number         0  use_no_semi_2.o ABSOLUTE
    ../clib/angel/sys.s                      0x00000000   Number         0  sys_stackheap_outer.o ABSOLUTE
    ../clib/angel/sys.s                      0x00000000   Number         0  use_no_semi.o ABSOLUTE
    ../clib/angel/sys.s                      0x00000000   Number         0  libspace.o ABSOLUTE
    ../clib/angel/sysapp.c                   0x00000000   Number         0  sys_wrch.o ABSOLUTE
    ../clib/angel/sysapp.c                   0x00000000   Number         0  sys_command.o ABSOLUTE
    ../clib/armsys.c                         0x00000000   Number         0  argv_veneer.o ABSOLUTE
    ../clib/armsys.c                         0x00000000   Number         0  _get_argv_nomalloc.o ABSOLUTE
    ../clib/armsys.c                         0x00000000   Number         0  no_argv.o ABSOLUTE
    ../clib/armsys.c                         0x00000000   Number         0  argv_veneer.o ABSOLUTE
    ../clib/fenv.c                           0x00000000   Number         0  _rserrno.o ABSOLUTE
    ../clib/heapalloc.c                      0x00000000   Number         0  hrguard.o ABSOLUTE
    ../clib/heapaux.c                        0x00000000   Number         0  heapauxi.o ABSOLUTE
    ../clib/libinit.s                        0x00000000   Number         0  libshutdown2.o ABSOLUTE
    ../clib/libinit.s                        0x00000000   Number         0  libinit2.o ABSOLUTE
    ../clib/libinit.s                        0x00000000   Number         0  libshutdown.o ABSOLUTE
    ../clib/libinit.s                        0x00000000   Number         0  libinit.o ABSOLUTE
    ../clib/signal.c                         0x00000000   Number         0  defsig_rtred_inner.o ABSOLUTE
    ../clib/signal.c                         0x00000000   Number         0  defsig_fpe_inner.o ABSOLUTE
    ../clib/signal.c                         0x00000000   Number         0  defsig_abrt_inner.o ABSOLUTE
    ../clib/signal.c                         0x00000000   Number         0  defsig_general.o ABSOLUTE
    ../clib/signal.c                         0x00000000   Number         0  __raise.o ABSOLUTE
    ../clib/signal.c                         0x00000000   Number         0  defsig_rtmem_inner.o ABSOLUTE
    ../clib/signal.c                         0x00000000   Number         0  defsig_exit.o ABSOLUTE
    ../clib/signal.c                         0x00000000   Number         0  defsig_rtmem_formal.o ABSOLUTE
    ../clib/signal.c                         0x00000000   Number         0  defsig_other.o ABSOLUTE
    ../clib/signal.c                         0x00000000   Number         0  defsig_segv_inner.o ABSOLUTE
    ../clib/signal.c                         0x00000000   Number         0  defsig_cppl_inner.o ABSOLUTE
    ../clib/signal.c                         0x00000000   Number         0  defsig_pvfn_inner.o ABSOLUTE
    ../clib/signal.c                         0x00000000   Number         0  defsig_stak_inner.o ABSOLUTE
    ../clib/signal.c                         0x00000000   Number         0  defsig_rtmem_outer.o ABSOLUTE
    ../clib/signal.s                         0x00000000   Number         0  defsig.o ABSOLUTE
    ../clib/stdlib.c                         0x00000000   Number         0  exit.o ABSOLUTE
    ../fplib/d2f.s                           0x00000000   Number         0  d2f.o ABSOLUTE
    ../fplib/daddsub.s                       0x00000000   Number         0  daddsub_clz.o ABSOLUTE
    ../fplib/dcheck1.s                       0x00000000   Number         0  dcheck1.o ABSOLUTE
    ../fplib/ddiv.s                          0x00000000   Number         0  ddiv.o ABSOLUTE
    ../fplib/dflt.s                          0x00000000   Number         0  dflt_clz.o ABSOLUTE
    ../fplib/dmul.s                          0x00000000   Number         0  dmul.o ABSOLUTE
    ../fplib/dnaninf.s                       0x00000000   Number         0  dnaninf.o ABSOLUTE
    ../fplib/dretinf.s                       0x00000000   Number         0  dretinf.o ABSOLUTE
    ../fplib/f2d.s                           0x00000000   Number         0  f2d.o ABSOLUTE
    ../fplib/ffix.s                          0x00000000   Number         0  ffix.o ABSOLUTE
    ../fplib/fmul.s                          0x00000000   Number         0  fmul.o ABSOLUTE
    ../fplib/fnaninf.s                       0x00000000   Number         0  fnaninf.o ABSOLUTE
    ../fplib/fpinit.s                        0x00000000   Number         0  fpinit.o ABSOLUTE
    ../fplib/fretinf.s                       0x00000000   Number         0  fretinf.o ABSOLUTE
    ../fplib/retnan.s                        0x00000000   Number         0  retnan.o ABSOLUTE
    ../fplib/scalbn.s                        0x00000000   Number         0  scalbn.o ABSOLUTE
    ../fplib/trapv.s                         0x00000000   Number         0  trapv.o ABSOLUTE
    ../fplib/usenofp.s                       0x00000000   Number         0  usenofp.o ABSOLUTE
    ../mathlib/atan.c                        0x00000000   Number         0  atan_x.o ABSOLUTE
    ../mathlib/atan.c                        0x00000000   Number         0  atan.o ABSOLUTE
    ../mathlib/atan2.c                       0x00000000   Number         0  atan2.o ABSOLUTE
    ../mathlib/atan2.c                       0x00000000   Number         0  atan2_x.o ABSOLUTE
    ../mathlib/dunder.c                      0x00000000   Number         0  dunder.o ABSOLUTE
    ../mathlib/fpclassify.c                  0x00000000   Number         0  fpclassify.o ABSOLUTE
    ../mathlib/poly.c                        0x00000000   Number         0  poly.o ABSOLUTE
    ../mathlib/qnan.c                        0x00000000   Number         0  qnan.o ABSOLUTE
    ..\CORE\core_cm3.c                       0x00000000   Number         0  core_cm3.o ABSOLUTE
    ..\CORE\startup_stm32f10x_hd.s           0x00000000   Number         0  startup_stm32f10x_hd.o ABSOLUTE
    ..\HARDWARE\LED\led.c                    0x00000000   Number         0  led.o ABSOLUTE
    ..\HARDWARE\MPU6050\mpu6050.c            0x00000000   Number         0  mpu6050.o ABSOLUTE
    ..\HARDWARE\OLED\oled.c                  0x00000000   Number         0  oled.o ABSOLUTE
    ..\HARDWARE\SEND\senware.c               0x00000000   Number         0  senware.o ABSOLUTE
    ..\HARDWARE\TIMER\timer.c                0x00000000   Number         0  timer.o ABSOLUTE
    ..\STM32F10x_FWLib\src\misc.c            0x00000000   Number         0  misc.o ABSOLUTE
    ..\STM32F10x_FWLib\src\stm32f10x_gpio.c  0x00000000   Number         0  stm32f10x_gpio.o ABSOLUTE
    ..\STM32F10x_FWLib\src\stm32f10x_i2c.c   0x00000000   Number         0  stm32f10x_i2c.o ABSOLUTE
    ..\STM32F10x_FWLib\src\stm32f10x_rcc.c   0x00000000   Number         0  stm32f10x_rcc.o ABSOLUTE
    ..\STM32F10x_FWLib\src\stm32f10x_tim.c   0x00000000   Number         0  stm32f10x_tim.o ABSOLUTE
    ..\STM32F10x_FWLib\src\stm32f10x_usart.c 0x00000000   Number         0  stm32f10x_usart.o ABSOLUTE
    ..\SYSTEM\delay\delay.c                  0x00000000   Number         0  delay.o ABSOLUTE
    ..\SYSTEM\sys\sys.c                      0x00000000   Number         0  sys.o ABSOLUTE
    ..\SYSTEM\usart\usart.c                  0x00000000   Number         0  usart.o ABSOLUTE
    ..\\CORE\\core_cm3.c                     0x00000000   Number         0  core_cm3.o ABSOLUTE
    ..\\SYSTEM\\sys\\sys.c                   0x00000000   Number         0  sys.o ABSOLUTE
    dc.s                                     0x00000000   Number         0  dc.o ABSOLUTE
    main.c                                   0x00000000   Number         0  main.o ABSOLUTE
    stm32f10x_it.c                           0x00000000   Number         0  stm32f10x_it.o ABSOLUTE
    system_stm32f10x.c                       0x00000000   Number         0  system_stm32f10x.o ABSOLUTE
    RESET                                    0x08000000   Section      304  startup_stm32f10x_hd.o(RESET)
    !!!main                                  0x08000130   Section        8  __main.o(!!!main)
    !!!scatter                               0x08000138   Section       52  __scatter.o(!!!scatter)
    !!dczerorl2                              0x0800016c   Section       90  __dczerorl2.o(!!dczerorl2)
    !!handler_zi                             0x080001c8   Section       28  __scatter_zi.o(!!handler_zi)
    .ARM.Collect$$libinit$$00000000          0x080001e4   Section        2  libinit.o(.ARM.Collect$$libinit$$00000000)
    .ARM.Collect$$libinit$$00000002          0x080001e6   Section        0  libinit2.o(.ARM.Collect$$libinit$$00000002)
    .ARM.Collect$$libinit$$00000004          0x080001e6   Section        0  libinit2.o(.ARM.Collect$$libinit$$00000004)
    .ARM.Collect$$libinit$$0000000A          0x080001e6   Section        0  libinit2.o(.ARM.Collect$$libinit$$0000000A)
    .ARM.Collect$$libinit$$0000000C          0x080001e6   Section        0  libinit2.o(.ARM.Collect$$libinit$$0000000C)
    .ARM.Collect$$libinit$$0000000E          0x080001e6   Section        0  libinit2.o(.ARM.Collect$$libinit$$0000000E)
    .ARM.Collect$$libinit$$00000011          0x080001e6   Section        0  libinit2.o(.ARM.Collect$$libinit$$00000011)
    .ARM.Collect$$libinit$$00000013          0x080001e6   Section        0  libinit2.o(.ARM.Collect$$libinit$$00000013)
    .ARM.Collect$$libinit$$00000015          0x080001e6   Section        0  libinit2.o(.ARM.Collect$$libinit$$00000015)
    .ARM.Collect$$libinit$$00000017          0x080001e6   Section        0  libinit2.o(.ARM.Collect$$libinit$$00000017)
    .ARM.Collect$$libinit$$00000019          0x080001e6   Section        0  libinit2.o(.ARM.Collect$$libinit$$00000019)
    .ARM.Collect$$libinit$$0000001B          0x080001e6   Section        0  libinit2.o(.ARM.Collect$$libinit$$0000001B)
    .ARM.Collect$$libinit$$0000001D          0x080001e6   Section        0  libinit2.o(.ARM.Collect$$libinit$$0000001D)
    .ARM.Collect$$libinit$$0000001F          0x080001e6   Section        0  libinit2.o(.ARM.Collect$$libinit$$0000001F)
    .ARM.Collect$$libinit$$00000021          0x080001e6   Section        0  libinit2.o(.ARM.Collect$$libinit$$00000021)
    .ARM.Collect$$libinit$$00000023          0x080001e6   Section        0  libinit2.o(.ARM.Collect$$libinit$$00000023)
    .ARM.Collect$$libinit$$00000025          0x080001e6   Section        0  libinit2.o(.ARM.Collect$$libinit$$00000025)
    .ARM.Collect$$libinit$$0000002C          0x080001e6   Section        0  libinit2.o(.ARM.Collect$$libinit$$0000002C)
    .ARM.Collect$$libinit$$0000002E          0x080001e6   Section        0  libinit2.o(.ARM.Collect$$libinit$$0000002E)
    .ARM.Collect$$libinit$$00000030          0x080001e6   Section        0  libinit2.o(.ARM.Collect$$libinit$$00000030)
    .ARM.Collect$$libinit$$00000032          0x080001e6   Section        0  libinit2.o(.ARM.Collect$$libinit$$00000032)
    .ARM.Collect$$libinit$$00000033          0x080001e6   Section        2  libinit2.o(.ARM.Collect$$libinit$$00000033)
    .ARM.Collect$$libshutdown$$00000000      0x080001e8   Section        2  libshutdown.o(.ARM.Collect$$libshutdown$$00000000)
    .ARM.Collect$$libshutdown$$00000003      0x080001ea   Section        0  libshutdown2.o(.ARM.Collect$$libshutdown$$00000003)
    .ARM.Collect$$libshutdown$$00000006      0x080001ea   Section        0  libshutdown2.o(.ARM.Collect$$libshutdown$$00000006)
    .ARM.Collect$$libshutdown$$00000009      0x080001ea   Section        0  libshutdown2.o(.ARM.Collect$$libshutdown$$00000009)
    .ARM.Collect$$libshutdown$$0000000B      0x080001ea   Section        0  libshutdown2.o(.ARM.Collect$$libshutdown$$0000000B)
    .ARM.Collect$$libshutdown$$0000000E      0x080001ea   Section        0  libshutdown2.o(.ARM.Collect$$libshutdown$$0000000E)
    .ARM.Collect$$libshutdown$$0000000F      0x080001ea   Section        2  libshutdown2.o(.ARM.Collect$$libshutdown$$0000000F)
    .ARM.Collect$$rtentry$$00000000          0x080001ec   Section        0  __rtentry.o(.ARM.Collect$$rtentry$$00000000)
    .ARM.Collect$$rtentry$$00000002          0x080001ec   Section        0  __rtentry2.o(.ARM.Collect$$rtentry$$00000002)
    .ARM.Collect$$rtentry$$00000004          0x080001ec   Section        6  __rtentry4.o(.ARM.Collect$$rtentry$$00000004)
    .ARM.Collect$$rtentry$$00000009          0x080001f2   Section        0  __rtentry2.o(.ARM.Collect$$rtentry$$00000009)
    .ARM.Collect$$rtentry$$0000000A          0x080001f2   Section        4  __rtentry2.o(.ARM.Collect$$rtentry$$0000000A)
    .ARM.Collect$$rtentry$$0000000C          0x080001f6   Section        0  __rtentry2.o(.ARM.Collect$$rtentry$$0000000C)
    .ARM.Collect$$rtentry$$0000000D          0x080001f6   Section        8  __rtentry2.o(.ARM.Collect$$rtentry$$0000000D)
    .ARM.Collect$$rtexit$$00000000           0x080001fe   Section        2  rtexit.o(.ARM.Collect$$rtexit$$00000000)
    .ARM.Collect$$rtexit$$00000002           0x08000200   Section        0  rtexit2.o(.ARM.Collect$$rtexit$$00000002)
    .ARM.Collect$$rtexit$$00000003           0x08000200   Section        4  rtexit2.o(.ARM.Collect$$rtexit$$00000003)
    .ARM.Collect$$rtexit$$00000004           0x08000204   Section        6  rtexit2.o(.ARM.Collect$$rtexit$$00000004)
    .text                                    0x0800020c   Section        0  main.o(.text)
    .text                                    0x08000880   Section        0  stm32f10x_it.o(.text)
    .text                                    0x0800089c   Section        0  system_stm32f10x.o(.text)
    SetSysClockTo72                          0x0800089d   Thumb Code   214  system_stm32f10x.o(.text)
    SetSysClock                              0x08000973   Thumb Code     8  system_stm32f10x.o(.text)
    .text                                    0x08000a7c   Section        0  led.o(.text)
    .text                                    0x08000acc   Section        0  oled.o(.text)
    .text                                    0x08000ee8   Section        0  mpu6050.o(.text)
    .text                                    0x08001480   Section        0  timer.o(.text)
    .text                                    0x080014dc   Section        0  delay.o(.text)
    .text                                    0x080015b0   Section        0  usart.o(.text)
    .text                                    0x080016f4   Section       64  startup_stm32f10x_hd.o(.text)
    .text                                    0x08001734   Section        0  stm32f10x_gpio.o(.text)
    .text                                    0x08001a90   Section        0  stm32f10x_rcc.o(.text)
    .text                                    0x08001e34   Section        0  stm32f10x_usart.o(.text)
    .text                                    0x0800223c   Section        0  misc.o(.text)
    .text                                    0x08002318   Section        0  stm32f10x_i2c.o(.text)
    .text                                    0x0800271c   Section        0  stm32f10x_tim.o(.text)
    TI4_Config                               0x08002bc3   Thumb Code   130  stm32f10x_tim.o(.text)
    TI3_Config                               0x08002c57   Thumb Code   122  stm32f10x_tim.o(.text)
    TI2_Config                               0x08002ceb   Thumb Code   130  stm32f10x_tim.o(.text)
    TI1_Config                               0x08002d7f   Thumb Code   108  stm32f10x_tim.o(.text)
    .text                                    0x08003536   Section        2  use_no_semi_2.o(.text)
    .text                                    0x08003538   Section        0  heapauxi.o(.text)
    .text                                    0x0800353e   Section        2  use_no_semi.o(.text)
    .text                                    0x08003540   Section        8  libspace.o(.text)
    .text                                    0x08003548   Section       74  sys_stackheap_outer.o(.text)
    .text                                    0x08003592   Section        0  exit.o(.text)
    i.__ARM_fpclassify                       0x0800359e   Section        0  fpclassify.o(i.__ARM_fpclassify)
    i.__kernel_poly                          0x080035c6   Section        0  poly.o(i.__kernel_poly)
    i.__mathlib_dbl_infnan                   0x08003670   Section        0  dunder.o(i.__mathlib_dbl_infnan)
    i.__mathlib_dbl_infnan2                  0x08003676   Section        0  dunder.o(i.__mathlib_dbl_infnan2)
    i.__mathlib_dbl_underflow                0x0800367c   Section        0  dunder.o(i.__mathlib_dbl_underflow)
    i.atan                                   0x0800368c   Section        0  atan.o(i.atan)
    i.atan2                                  0x080038ac   Section        0  atan2.o(i.atan2)
    x$fpl$d2f                                0x08003a2c   Section       98  d2f.o(x$fpl$d2f)
    x$fpl$dadd                               0x08003a90   Section      336  daddsub_clz.o(x$fpl$dadd)
    _dadd1                                   0x08003aa1   Thumb Code     0  daddsub_clz.o(x$fpl$dadd)
    x$fpl$dcheck1                            0x08003be0   Section       16  dcheck1.o(x$fpl$dcheck1)
    x$fpl$ddiv                               0x08003bf0   Section      688  ddiv.o(x$fpl$ddiv)
    ddiv_entry                               0x08003bf7   Thumb Code     0  ddiv.o(x$fpl$ddiv)
    x$fpl$dflt                               0x08003ea0   Section       46  dflt_clz.o(x$fpl$dflt)
    x$fpl$dmul                               0x08003ed0   Section      340  dmul.o(x$fpl$dmul)
    x$fpl$dnaninf                            0x08004024   Section      156  dnaninf.o(x$fpl$dnaninf)
    x$fpl$dretinf                            0x080040c0   Section       12  dretinf.o(x$fpl$dretinf)
    x$fpl$drsb                               0x080040cc   Section       22  daddsub_clz.o(x$fpl$drsb)
    x$fpl$dsub                               0x080040e4   Section      468  daddsub_clz.o(x$fpl$dsub)
    _dsub1                                   0x080040f5   Thumb Code     0  daddsub_clz.o(x$fpl$dsub)
    x$fpl$f2d                                0x080042b8   Section       86  f2d.o(x$fpl$f2d)
    x$fpl$ffix                               0x08004310   Section       54  ffix.o(x$fpl$ffix)
    x$fpl$fmul                               0x08004348   Section      258  fmul.o(x$fpl$fmul)
    x$fpl$fnaninf                            0x0800444a   Section      140  fnaninf.o(x$fpl$fnaninf)
    x$fpl$fretinf                            0x080044d6   Section       10  fretinf.o(x$fpl$fretinf)
    x$fpl$retnan                             0x080044e0   Section      100  retnan.o(x$fpl$retnan)
    x$fpl$scalbn                             0x08004544   Section       92  scalbn.o(x$fpl$scalbn)
    x$fpl$trapveneer                         0x080045a0   Section       48  trapv.o(x$fpl$trapveneer)
    .constdata                               0x080045d0   Section     2072  oled.o(.constdata)
    x$fpl$usenofp                            0x080045d0   Section        0  usenofp.o(x$fpl$usenofp)
    .constdata                               0x08004de8   Section      152  atan.o(.constdata)
    atanhi                                   0x08004de8   Data          32  atan.o(.constdata)
    atanlo                                   0x08004e08   Data          32  atan.o(.constdata)
    aTodd                                    0x08004e28   Data          40  atan.o(.constdata)
    aTeven                                   0x08004e50   Data          48  atan.o(.constdata)
    .constdata                               0x08004e80   Section        8  qnan.o(.constdata)
    .data                                    0x20000000   Section       80  main.o(.data)
    .data                                    0x20000050   Section       20  system_stm32f10x.o(.data)
    .data                                    0x20000064   Section     1184  oled.o(.data)
    .data                                    0x20000504   Section        4  delay.o(.data)
    fac_us                                   0x20000504   Data           1  delay.o(.data)
    fac_ms                                   0x20000506   Data           2  delay.o(.data)
    .data                                    0x20000508   Section        6  usart.o(.data)
    .data                                    0x2000050e   Section       20  stm32f10x_rcc.o(.data)
    APBAHBPrescTable                         0x2000050e   Data          16  stm32f10x_rcc.o(.data)
    ADCPrescTable                            0x2000051e   Data           4  stm32f10x_rcc.o(.data)
    .bss                                     0x20000524   Section      200  usart.o(.bss)
    .bss                                     0x200005ec   Section       96  libspace.o(.bss)
    HEAP                                     0x20000650   Section      512  startup_stm32f10x_hd.o(HEAP)
    Heap_Mem                                 0x20000650   Data         512  startup_stm32f10x_hd.o(HEAP)
    STACK                                    0x20000850   Section     1024  startup_stm32f10x_hd.o(STACK)
    Stack_Mem                                0x20000850   Data        1024  startup_stm32f10x_hd.o(STACK)
    __initial_sp                             0x20000c50   Data           0  startup_stm32f10x_hd.o(STACK)

    Global Symbols

    Symbol Name                              Value     Ov Type        Size  Object(Section)

    BuildAttributes$$THM_ISAv4$P$D$K$B$S$PE$A:L22UL41UL21$X:L11$S22US41US21$IEEE1$IW$USESV6$~STKCKD$USESV7$~SHL$OTIME$ROPI$IEEEX$EBA8$UX$STANDARDLIB$REQ8$PRES8$EABIv2 0x00000000   Number         0  anon$$obj.o ABSOLUTE
    __ARM_use_no_argv                        0x00000000   Number         0  main.o ABSOLUTE
    __ARM_exceptions_init                     - Undefined Weak Reference
    __alloca_initialize                       - Undefined Weak Reference
    __arm_preinit_                            - Undefined Weak Reference
    __cpp_initialize__aeabi_                  - Undefined Weak Reference
    __cxa_finalize                            - Undefined Weak Reference
    __rt_locale                               - Undefined Weak Reference
    __sigvec_lookup                           - Undefined Weak Reference
    _atexit_init                              - Undefined Weak Reference
    _call_atexit_fns                          - Undefined Weak Reference
    _clock_init                               - Undefined Weak Reference
    _fp_trap_init                             - Undefined Weak Reference
    _fp_trap_shutdown                         - Undefined Weak Reference
    _get_lc_collate                           - Undefined Weak Reference
    _get_lc_ctype                             - Undefined Weak Reference
    _get_lc_monetary                          - Undefined Weak Reference
    _get_lc_numeric                           - Undefined Weak Reference
    _get_lc_time                              - Undefined Weak Reference
    _getenv_init                              - Undefined Weak Reference
    _handle_redirection                       - Undefined Weak Reference
    _init_alloc                               - Undefined Weak Reference
    _init_user_alloc                          - Undefined Weak Reference
    _initio                                   - Undefined Weak Reference
    _rand_init                                - Undefined Weak Reference
    _signal_finish                            - Undefined Weak Reference
    _signal_init                              - Undefined Weak Reference
    _terminate_alloc                          - Undefined Weak Reference
    _terminate_user_alloc                     - Undefined Weak Reference
    _terminateio                              - Undefined Weak Reference
    __Vectors_Size                           0x00000130   Number         0  startup_stm32f10x_hd.o ABSOLUTE
    __Vectors                                0x08000000   Data           4  startup_stm32f10x_hd.o(RESET)
    __Vectors_End                            0x08000130   Data           0  startup_stm32f10x_hd.o(RESET)
    __main                                   0x08000131   Thumb Code     8  __main.o(!!!main)
    __scatterload                            0x08000139   Thumb Code     0  __scatter.o(!!!scatter)
    __scatterload_rt2                        0x08000139   Thumb Code    44  __scatter.o(!!!scatter)
    __scatterload_rt2_thumb_only             0x08000139   Thumb Code     0  __scatter.o(!!!scatter)
    __scatterload_null                       0x08000147   Thumb Code     0  __scatter.o(!!!scatter)
    __decompress                             0x0800016d   Thumb Code    90  __dczerorl2.o(!!dczerorl2)
    __decompress1                            0x0800016d   Thumb Code     0  __dczerorl2.o(!!dczerorl2)
    __scatterload_zeroinit                   0x080001c9   Thumb Code    28  __scatter_zi.o(!!handler_zi)
    __rt_lib_init                            0x080001e5   Thumb Code     0  libinit.o(.ARM.Collect$$libinit$$00000000)
    __rt_lib_init_alloca_1                   0x080001e7   Thumb Code     0  libinit2.o(.ARM.Collect$$libinit$$0000002E)
    __rt_lib_init_argv_1                     0x080001e7   Thumb Code     0  libinit2.o(.ARM.Collect$$libinit$$0000002C)
    __rt_lib_init_atexit_1                   0x080001e7   Thumb Code     0  libinit2.o(.ARM.Collect$$libinit$$0000001B)
    __rt_lib_init_clock_1                    0x080001e7   Thumb Code     0  libinit2.o(.ARM.Collect$$libinit$$00000021)
    __rt_lib_init_cpp_1                      0x080001e7   Thumb Code     0  libinit2.o(.ARM.Collect$$libinit$$00000032)
    __rt_lib_init_exceptions_1               0x080001e7   Thumb Code     0  libinit2.o(.ARM.Collect$$libinit$$00000030)
    __rt_lib_init_fp_1                       0x080001e7   Thumb Code     0  libinit2.o(.ARM.Collect$$libinit$$00000002)
    __rt_lib_init_fp_trap_1                  0x080001e7   Thumb Code     0  libinit2.o(.ARM.Collect$$libinit$$0000001F)
    __rt_lib_init_getenv_1                   0x080001e7   Thumb Code     0  libinit2.o(.ARM.Collect$$libinit$$00000023)
    __rt_lib_init_heap_1                     0x080001e7   Thumb Code     0  libinit2.o(.ARM.Collect$$libinit$$0000000A)
    __rt_lib_init_lc_collate_1               0x080001e7   Thumb Code     0  libinit2.o(.ARM.Collect$$libinit$$00000011)
    __rt_lib_init_lc_ctype_1                 0x080001e7   Thumb Code     0  libinit2.o(.ARM.Collect$$libinit$$00000013)
    __rt_lib_init_lc_monetary_1              0x080001e7   Thumb Code     0  libinit2.o(.ARM.Collect$$libinit$$00000015)
    __rt_lib_init_lc_numeric_1               0x080001e7   Thumb Code     0  libinit2.o(.ARM.Collect$$libinit$$00000017)
    __rt_lib_init_lc_time_1                  0x080001e7   Thumb Code     0  libinit2.o(.ARM.Collect$$libinit$$00000019)
    __rt_lib_init_preinit_1                  0x080001e7   Thumb Code     0  libinit2.o(.ARM.Collect$$libinit$$00000004)
    __rt_lib_init_rand_1                     0x080001e7   Thumb Code     0  libinit2.o(.ARM.Collect$$libinit$$0000000E)
    __rt_lib_init_return                     0x080001e7   Thumb Code     0  libinit2.o(.ARM.Collect$$libinit$$00000033)
    __rt_lib_init_signal_1                   0x080001e7   Thumb Code     0  libinit2.o(.ARM.Collect$$libinit$$0000001D)
    __rt_lib_init_stdio_1                    0x080001e7   Thumb Code     0  libinit2.o(.ARM.Collect$$libinit$$00000025)
    __rt_lib_init_user_alloc_1               0x080001e7   Thumb Code     0  libinit2.o(.ARM.Collect$$libinit$$0000000C)
    __rt_lib_shutdown                        0x080001e9   Thumb Code     0  libshutdown.o(.ARM.Collect$$libshutdown$$00000000)
    __rt_lib_shutdown_fp_trap_1              0x080001eb   Thumb Code     0  libshutdown2.o(.ARM.Collect$$libshutdown$$00000006)
    __rt_lib_shutdown_heap_1                 0x080001eb   Thumb Code     0  libshutdown2.o(.ARM.Collect$$libshutdown$$0000000E)
    __rt_lib_shutdown_return                 0x080001eb   Thumb Code     0  libshutdown2.o(.ARM.Collect$$libshutdown$$0000000F)
    __rt_lib_shutdown_signal_1               0x080001eb   Thumb Code     0  libshutdown2.o(.ARM.Collect$$libshutdown$$00000009)
    __rt_lib_shutdown_stdio_1                0x080001eb   Thumb Code     0  libshutdown2.o(.ARM.Collect$$libshutdown$$00000003)
    __rt_lib_shutdown_user_alloc_1           0x080001eb   Thumb Code     0  libshutdown2.o(.ARM.Collect$$libshutdown$$0000000B)
    __rt_entry                               0x080001ed   Thumb Code     0  __rtentry.o(.ARM.Collect$$rtentry$$00000000)
    __rt_entry_presh_1                       0x080001ed   Thumb Code     0  __rtentry2.o(.ARM.Collect$$rtentry$$00000002)
    __rt_entry_sh                            0x080001ed   Thumb Code     0  __rtentry4.o(.ARM.Collect$$rtentry$$00000004)
    __rt_entry_li                            0x080001f3   Thumb Code     0  __rtentry2.o(.ARM.Collect$$rtentry$$0000000A)
    __rt_entry_postsh_1                      0x080001f3   Thumb Code     0  __rtentry2.o(.ARM.Collect$$rtentry$$00000009)
    __rt_entry_main                          0x080001f7   Thumb Code     0  __rtentry2.o(.ARM.Collect$$rtentry$$0000000D)
    __rt_entry_postli_1                      0x080001f7   Thumb Code     0  __rtentry2.o(.ARM.Collect$$rtentry$$0000000C)
    __rt_exit                                0x080001ff   Thumb Code     0  rtexit.o(.ARM.Collect$$rtexit$$00000000)
    __rt_exit_ls                             0x08000201   Thumb Code     0  rtexit2.o(.ARM.Collect$$rtexit$$00000003)
    __rt_exit_prels_1                        0x08000201   Thumb Code     0  rtexit2.o(.ARM.Collect$$rtexit$$00000002)
    __rt_exit_exit                           0x08000205   Thumb Code     0  rtexit2.o(.ARM.Collect$$rtexit$$00000004)
    fun                                      0x0800020d   Thumb Code   730  main.o(.text)
    zhen                                     0x080004e7   Thumb Code    16  main.o(.text)
    main                                     0x080004f7   Thumb Code   386  main.o(.text)
    TIM3_IRQHandler                          0x08000679   Thumb Code   442  main.o(.text)
    NMI_Handler                              0x08000881   Thumb Code     2  stm32f10x_it.o(.text)
    HardFault_Handler                        0x08000883   Thumb Code     4  stm32f10x_it.o(.text)
    MemManage_Handler                        0x08000887   Thumb Code     4  stm32f10x_it.o(.text)
    BusFault_Handler                         0x0800088b   Thumb Code     4  stm32f10x_it.o(.text)
    UsageFault_Handler                       0x0800088f   Thumb Code     4  stm32f10x_it.o(.text)
    SVC_Handler                              0x08000893   Thumb Code     2  stm32f10x_it.o(.text)
    DebugMon_Handler                         0x08000895   Thumb Code     2  stm32f10x_it.o(.text)
    PendSV_Handler                           0x08000897   Thumb Code     2  stm32f10x_it.o(.text)
    SysTick_Handler                          0x08000899   Thumb Code     2  stm32f10x_it.o(.text)
    SystemInit                               0x0800097b   Thumb Code    78  system_stm32f10x.o(.text)
    SystemCoreClockUpdate                    0x080009c9   Thumb Code   142  system_stm32f10x.o(.text)
    LED_Init                                 0x08000a7d   Thumb Code    72  led.o(.text)
    I2C_Configuration                        0x08000acd   Thumb Code   110  oled.o(.text)
    I2C_WriteByte                            0x08000b3b   Thumb Code   126  oled.o(.text)
    WriteCmd                                 0x08000bb9   Thumb Code    14  oled.o(.text)
    WriteDat                                 0x08000bc7   Thumb Code    14  oled.o(.text)
    OLED_Init                                0x08000bd5   Thumb Code   178  oled.o(.text)
    OLED_SetPos                              0x08000c87   Thumb Code    40  oled.o(.text)
    OLED_Fill                                0x08000caf   Thumb Code    58  oled.o(.text)
    OLED_CLS                                 0x08000ce9   Thumb Code    10  oled.o(.text)
    OLED_ON                                  0x08000cf3   Thumb Code    22  oled.o(.text)
    OLED_OFF                                 0x08000d09   Thumb Code    22  oled.o(.text)
    OLED_ShowStr                             0x08000d1f   Thumb Code   228  oled.o(.text)
    OLED_ShowCN                              0x08000e03   Thumb Code    80  oled.o(.text)
    OLED_DrawBMP                             0x08000e53   Thumb Code   116  oled.o(.text)
    i2c_gpio_init                            0x08000ee9   Thumb Code    98  mpu6050.o(.text)
    i2c_start                                0x08000f4b   Thumb Code    72  mpu6050.o(.text)
    i2c_stop                                 0x08000f93   Thumb Code    66  mpu6050.o(.text)
    i2c_wait_ack                             0x08000fd5   Thumb Code    94  mpu6050.o(.text)
    i2c_ack                                  0x08001033   Thumb Code    70  mpu6050.o(.text)
    i2c_nack                                 0x08001079   Thumb Code    70  mpu6050.o(.text)
    IIC_Send_Byte                            0x080010bf   Thumb Code    94  mpu6050.o(.text)
    IIC_Read_Byte                            0x0800111d   Thumb Code   102  mpu6050.o(.text)
    MPU_Write_Byte                           0x08001183   Thumb Code    68  mpu6050.o(.text)
    MPU_Read_Byte                            0x080011c7   Thumb Code    58  mpu6050.o(.text)
    MPU_Set_LPF                              0x08001201   Thumb Code    58  mpu6050.o(.text)
    MPU_Set_Rate                             0x0800123b   Thumb Code    58  mpu6050.o(.text)
    MPU_Init                                 0x08001275   Thumb Code   144  mpu6050.o(.text)
    MPU_Read_Len                             0x08001305   Thumb Code   116  mpu6050.o(.text)
    MPU_Get_Gyroscope                        0x08001379   Thumb Code    80  mpu6050.o(.text)
    MPU_Get_Accelerometer                    0x080013c9   Thumb Code    80  mpu6050.o(.text)
    MPU_Get_Temperature                      0x08001419   Thumb Code    86  mpu6050.o(.text)
    TIM3_Int_Init                            0x08001481   Thumb Code    88  timer.o(.text)
    delay_init                               0x080014dd   Thumb Code    50  delay.o(.text)
    delay_us                                 0x0800150f   Thumb Code    72  delay.o(.text)
    delay_ms                                 0x08001557   Thumb Code    72  delay.o(.text)
    _sys_exit                                0x080015b1   Thumb Code     6  usart.o(.text)
    fputc                                    0x080015b7   Thumb Code    24  usart.o(.text)
    uart_init                                0x080015cf   Thumb Code   154  usart.o(.text)
    USART1_IRQHandler                        0x08001669   Thumb Code   122  usart.o(.text)
    Reset_Handler                            0x080016f5   Thumb Code     8  startup_stm32f10x_hd.o(.text)
    ADC1_2_IRQHandler                        0x0800170f   Thumb Code     0  startup_stm32f10x_hd.o(.text)
    ADC3_IRQHandler                          0x0800170f   Thumb Code     0  startup_stm32f10x_hd.o(.text)
    CAN1_RX1_IRQHandler                      0x0800170f   Thumb Code     0  startup_stm32f10x_hd.o(.text)
    CAN1_SCE_IRQHandler                      0x0800170f   Thumb Code     0  startup_stm32f10x_hd.o(.text)
    DMA1_Channel1_IRQHandler                 0x0800170f   Thumb Code     0  startup_stm32f10x_hd.o(.text)
    DMA1_Channel2_IRQHandler                 0x0800170f   Thumb Code     0  startup_stm32f10x_hd.o(.text)
    DMA1_Channel3_IRQHandler                 0x0800170f   Thumb Code     0  startup_stm32f10x_hd.o(.text)
    DMA1_Channel4_IRQHandler                 0x0800170f   Thumb Code     0  startup_stm32f10x_hd.o(.text)
    DMA1_Channel5_IRQHandler                 0x0800170f   Thumb Code     0  startup_stm32f10x_hd.o(.text)
    DMA1_Channel6_IRQHandler                 0x0800170f   Thumb Code     0  startup_stm32f10x_hd.o(.text)
    DMA1_Channel7_IRQHandler                 0x0800170f   Thumb Code     0  startup_stm32f10x_hd.o(.text)
    DMA2_Channel1_IRQHandler                 0x0800170f   Thumb Code     0  startup_stm32f10x_hd.o(.text)
    DMA2_Channel2_IRQHandler                 0x0800170f   Thumb Code     0  startup_stm32f10x_hd.o(.text)
    DMA2_Channel3_IRQHandler                 0x0800170f   Thumb Code     0  startup_stm32f10x_hd.o(.text)
    DMA2_Channel4_5_IRQHandler               0x0800170f   Thumb Code     0  startup_stm32f10x_hd.o(.text)
    EXTI0_IRQHandler                         0x0800170f   Thumb Code     0  startup_stm32f10x_hd.o(.text)
    EXTI15_10_IRQHandler                     0x0800170f   Thumb Code     0  startup_stm32f10x_hd.o(.text)
    EXTI1_IRQHandler                         0x0800170f   Thumb Code     0  startup_stm32f10x_hd.o(.text)
    EXTI2_IRQHandler                         0x0800170f   Thumb Code     0  startup_stm32f10x_hd.o(.text)
    EXTI3_IRQHandler                         0x0800170f   Thumb Code     0  startup_stm32f10x_hd.o(.text)
    EXTI4_IRQHandler                         0x0800170f   Thumb Code     0  startup_stm32f10x_hd.o(.text)
    EXTI9_5_IRQHandler                       0x0800170f   Thumb Code     0  startup_stm32f10x_hd.o(.text)
    FLASH_IRQHandler                         0x0800170f   Thumb Code     0  startup_stm32f10x_hd.o(.text)
    FSMC_IRQHandler                          0x0800170f   Thumb Code     0  startup_stm32f10x_hd.o(.text)
    I2C1_ER_IRQHandler                       0x0800170f   Thumb Code     0  startup_stm32f10x_hd.o(.text)
    I2C1_EV_IRQHandler                       0x0800170f   Thumb Code     0  startup_stm32f10x_hd.o(.text)
    I2C2_ER_IRQHandler                       0x0800170f   Thumb Code     0  startup_stm32f10x_hd.o(.text)
    I2C2_EV_IRQHandler                       0x0800170f   Thumb Code     0  startup_stm32f10x_hd.o(.text)
    PVD_IRQHandler                           0x0800170f   Thumb Code     0  startup_stm32f10x_hd.o(.text)
    RCC_IRQHandler                           0x0800170f   Thumb Code     0  startup_stm32f10x_hd.o(.text)
    RTCAlarm_IRQHandler                      0x0800170f   Thumb Code     0  startup_stm32f10x_hd.o(.text)
    RTC_IRQHandler                           0x0800170f   Thumb Code     0  startup_stm32f10x_hd.o(.text)
    SDIO_IRQHandler                          0x0800170f   Thumb Code     0  startup_stm32f10x_hd.o(.text)
    SPI1_IRQHandler                          0x0800170f   Thumb Code     0  startup_stm32f10x_hd.o(.text)
    SPI2_IRQHandler                          0x0800170f   Thumb Code     0  startup_stm32f10x_hd.o(.text)
    SPI3_IRQHandler                          0x0800170f   Thumb Code     0  startup_stm32f10x_hd.o(.text)
    TAMPER_IRQHandler                        0x0800170f   Thumb Code     0  startup_stm32f10x_hd.o(.text)
    TIM1_BRK_IRQHandler                      0x0800170f   Thumb Code     0  startup_stm32f10x_hd.o(.text)
    TIM1_CC_IRQHandler                       0x0800170f   Thumb Code     0  startup_stm32f10x_hd.o(.text)
    TIM1_TRG_COM_IRQHandler                  0x0800170f   Thumb Code     0  startup_stm32f10x_hd.o(.text)
    TIM1_UP_IRQHandler                       0x0800170f   Thumb Code     0  startup_stm32f10x_hd.o(.text)
    TIM2_IRQHandler                          0x0800170f   Thumb Code     0  startup_stm32f10x_hd.o(.text)
    TIM4_IRQHandler                          0x0800170f   Thumb Code     0  startup_stm32f10x_hd.o(.text)
    TIM5_IRQHandler                          0x0800170f   Thumb Code     0  startup_stm32f10x_hd.o(.text)
    TIM6_IRQHandler                          0x0800170f   Thumb Code     0  startup_stm32f10x_hd.o(.text)
    TIM7_IRQHandler                          0x0800170f   Thumb Code     0  startup_stm32f10x_hd.o(.text)
    TIM8_BRK_IRQHandler                      0x0800170f   Thumb Code     0  startup_stm32f10x_hd.o(.text)
    TIM8_CC_IRQHandler                       0x0800170f   Thumb Code     0  startup_stm32f10x_hd.o(.text)
    TIM8_TRG_COM_IRQHandler                  0x0800170f   Thumb Code     0  startup_stm32f10x_hd.o(.text)
    TIM8_UP_IRQHandler                       0x0800170f   Thumb Code     0  startup_stm32f10x_hd.o(.text)
    UART4_IRQHandler                         0x0800170f   Thumb Code     0  startup_stm32f10x_hd.o(.text)
    UART5_IRQHandler                         0x0800170f   Thumb Code     0  startup_stm32f10x_hd.o(.text)
    USART2_IRQHandler                        0x0800170f   Thumb Code     0  startup_stm32f10x_hd.o(.text)
    USART3_IRQHandler                        0x0800170f   Thumb Code     0  startup_stm32f10x_hd.o(.text)
    USBWakeUp_IRQHandler                     0x0800170f   Thumb Code     0  startup_stm32f10x_hd.o(.text)
    USB_HP_CAN1_TX_IRQHandler                0x0800170f   Thumb Code     0  startup_stm32f10x_hd.o(.text)
    USB_LP_CAN1_RX0_IRQHandler               0x0800170f   Thumb Code     0  startup_stm32f10x_hd.o(.text)
    WWDG_IRQHandler                          0x0800170f   Thumb Code     0  startup_stm32f10x_hd.o(.text)
    __user_initial_stackheap                 0x08001711   Thumb Code     0  startup_stm32f10x_hd.o(.text)
    GPIO_DeInit                              0x08001735   Thumb Code   172  stm32f10x_gpio.o(.text)
    GPIO_AFIODeInit                          0x080017e1   Thumb Code    20  stm32f10x_gpio.o(.text)
    GPIO_Init                                0x080017f5   Thumb Code   278  stm32f10x_gpio.o(.text)
    GPIO_StructInit                          0x0800190b   Thumb Code    16  stm32f10x_gpio.o(.text)
    GPIO_ReadInputDataBit                    0x0800191b   Thumb Code    18  stm32f10x_gpio.o(.text)
    GPIO_ReadInputData                       0x0800192d   Thumb Code     8  stm32f10x_gpio.o(.text)
    GPIO_ReadOutputDataBit                   0x08001935   Thumb Code    18  stm32f10x_gpio.o(.text)
    GPIO_ReadOutputData                      0x08001947   Thumb Code     8  stm32f10x_gpio.o(.text)
    GPIO_SetBits                             0x0800194f   Thumb Code     4  stm32f10x_gpio.o(.text)
    GPIO_ResetBits                           0x08001953   Thumb Code     4  stm32f10x_gpio.o(.text)
    GPIO_WriteBit                            0x08001957   Thumb Code    10  stm32f10x_gpio.o(.text)
    GPIO_Write                               0x08001961   Thumb Code     4  stm32f10x_gpio.o(.text)
    GPIO_PinLockConfig                       0x08001965   Thumb Code    18  stm32f10x_gpio.o(.text)
    GPIO_EventOutputConfig                   0x08001977   Thumb Code    26  stm32f10x_gpio.o(.text)
    GPIO_EventOutputCmd                      0x08001991   Thumb Code     6  stm32f10x_gpio.o(.text)
    GPIO_PinRemapConfig                      0x08001997   Thumb Code   138  stm32f10x_gpio.o(.text)
    GPIO_EXTILineConfig                      0x08001a21   Thumb Code    66  stm32f10x_gpio.o(.text)
    GPIO_ETH_MediaInterfaceConfig            0x08001a63   Thumb Code     8  stm32f10x_gpio.o(.text)
    RCC_DeInit                               0x08001a91   Thumb Code    64  stm32f10x_rcc.o(.text)
    RCC_HSEConfig                            0x08001ad1   Thumb Code    70  stm32f10x_rcc.o(.text)
    RCC_GetFlagStatus                        0x08001b17   Thumb Code    56  stm32f10x_rcc.o(.text)
    RCC_WaitForHSEStartUp                    0x08001b4f   Thumb Code    56  stm32f10x_rcc.o(.text)
    RCC_AdjustHSICalibrationValue            0x08001b87   Thumb Code    20  stm32f10x_rcc.o(.text)
    RCC_HSICmd                               0x08001b9b   Thumb Code     6  stm32f10x_rcc.o(.text)
    RCC_PLLConfig                            0x08001ba1   Thumb Code    24  stm32f10x_rcc.o(.text)
    RCC_PLLCmd                               0x08001bb9   Thumb Code     6  stm32f10x_rcc.o(.text)
    RCC_SYSCLKConfig                         0x08001bbf   Thumb Code    18  stm32f10x_rcc.o(.text)
    RCC_GetSYSCLKSource                      0x08001bd1   Thumb Code    10  stm32f10x_rcc.o(.text)
    RCC_HCLKConfig                           0x08001bdb   Thumb Code    18  stm32f10x_rcc.o(.text)
    RCC_PCLK1Config                          0x08001bed   Thumb Code    18  stm32f10x_rcc.o(.text)
    RCC_PCLK2Config                          0x08001bff   Thumb Code    20  stm32f10x_rcc.o(.text)
    RCC_ITConfig                             0x08001c13   Thumb Code    26  stm32f10x_rcc.o(.text)
    RCC_USBCLKConfig                         0x08001c2d   Thumb Code     8  stm32f10x_rcc.o(.text)
    RCC_ADCCLKConfig                         0x08001c35   Thumb Code    18  stm32f10x_rcc.o(.text)
    RCC_LSEConfig                            0x08001c47   Thumb Code    50  stm32f10x_rcc.o(.text)
    RCC_LSICmd                               0x08001c79   Thumb Code     6  stm32f10x_rcc.o(.text)
    RCC_RTCCLKConfig                         0x08001c7f   Thumb Code    12  stm32f10x_rcc.o(.text)
    RCC_RTCCLKCmd                            0x08001c8b   Thumb Code     8  stm32f10x_rcc.o(.text)
    RCC_GetClocksFreq                        0x08001c93   Thumb Code   192  stm32f10x_rcc.o(.text)
    RCC_AHBPeriphClockCmd                    0x08001d53   Thumb Code    26  stm32f10x_rcc.o(.text)
    RCC_APB2PeriphClockCmd                   0x08001d6d   Thumb Code    26  stm32f10x_rcc.o(.text)
    RCC_APB1PeriphClockCmd                   0x08001d87   Thumb Code    26  stm32f10x_rcc.o(.text)
    RCC_APB2PeriphResetCmd                   0x08001da1   Thumb Code    26  stm32f10x_rcc.o(.text)
    RCC_APB1PeriphResetCmd                   0x08001dbb   Thumb Code    26  stm32f10x_rcc.o(.text)
    RCC_BackupResetCmd                       0x08001dd5   Thumb Code     8  stm32f10x_rcc.o(.text)
    RCC_ClockSecuritySystemCmd               0x08001ddd   Thumb Code     6  stm32f10x_rcc.o(.text)
    RCC_MCOConfig                            0x08001de3   Thumb Code     6  stm32f10x_rcc.o(.text)
    RCC_ClearFlag                            0x08001de9   Thumb Code    14  stm32f10x_rcc.o(.text)
    RCC_GetITStatus                          0x08001df7   Thumb Code    20  stm32f10x_rcc.o(.text)
    RCC_ClearITPendingBit                    0x08001e0b   Thumb Code     6  stm32f10x_rcc.o(.text)
    USART_DeInit                             0x08001e35   Thumb Code   134  stm32f10x_usart.o(.text)
    USART_Init                               0x08001ebb   Thumb Code   210  stm32f10x_usart.o(.text)
    USART_StructInit                         0x08001f8d   Thumb Code    24  stm32f10x_usart.o(.text)
    USART_ClockInit                          0x08001fa5   Thumb Code    34  stm32f10x_usart.o(.text)
    USART_ClockStructInit                    0x08001fc7   Thumb Code    12  stm32f10x_usart.o(.text)
    USART_Cmd                                0x08001fd3   Thumb Code    24  stm32f10x_usart.o(.text)
    USART_ITConfig                           0x08001feb   Thumb Code    74  stm32f10x_usart.o(.text)
    USART_DMACmd                             0x08002035   Thumb Code    18  stm32f10x_usart.o(.text)
    USART_SetAddress                         0x08002047   Thumb Code    18  stm32f10x_usart.o(.text)
    USART_WakeUpConfig                       0x08002059   Thumb Code    18  stm32f10x_usart.o(.text)
    USART_ReceiverWakeUpCmd                  0x0800206b   Thumb Code    24  stm32f10x_usart.o(.text)
    USART_LINBreakDetectLengthConfig         0x08002083   Thumb Code    18  stm32f10x_usart.o(.text)
    USART_LINCmd                             0x08002095   Thumb Code    24  stm32f10x_usart.o(.text)
    USART_SendData                           0x080020ad   Thumb Code     8  stm32f10x_usart.o(.text)
    USART_ReceiveData                        0x080020b5   Thumb Code    10  stm32f10x_usart.o(.text)
    USART_SendBreak                          0x080020bf   Thumb Code    10  stm32f10x_usart.o(.text)
    USART_SetGuardTime                       0x080020c9   Thumb Code    16  stm32f10x_usart.o(.text)
    USART_SetPrescaler                       0x080020d9   Thumb Code    16  stm32f10x_usart.o(.text)
    USART_SmartCardCmd                       0x080020e9   Thumb Code    24  stm32f10x_usart.o(.text)
    USART_SmartCardNACKCmd                   0x08002101   Thumb Code    24  stm32f10x_usart.o(.text)
    USART_HalfDuplexCmd                      0x08002119   Thumb Code    24  stm32f10x_usart.o(.text)
    USART_OverSampling8Cmd                   0x08002131   Thumb Code    22  stm32f10x_usart.o(.text)
    USART_OneBitMethodCmd                    0x08002147   Thumb Code    24  stm32f10x_usart.o(.text)
    USART_IrDAConfig                         0x0800215f   Thumb Code    18  stm32f10x_usart.o(.text)
    USART_IrDACmd                            0x08002171   Thumb Code    24  stm32f10x_usart.o(.text)
    USART_GetFlagStatus                      0x08002189   Thumb Code    26  stm32f10x_usart.o(.text)
    USART_ClearFlag                          0x080021a3   Thumb Code    18  stm32f10x_usart.o(.text)
    USART_GetITStatus                        0x080021b5   Thumb Code    84  stm32f10x_usart.o(.text)
    USART_ClearITPendingBit                  0x08002209   Thumb Code    52  stm32f10x_usart.o(.text)
    NVIC_PriorityGroupConfig                 0x0800223d   Thumb Code    10  misc.o(.text)
    NVIC_Init                                0x08002247   Thumb Code   100  misc.o(.text)
    NVIC_SetVectorTable                      0x080022ab   Thumb Code    14  misc.o(.text)
    NVIC_SystemLPConfig                      0x080022b9   Thumb Code    34  misc.o(.text)
    SysTick_CLKSourceConfig                  0x080022db   Thumb Code    40  misc.o(.text)
    I2C_DeInit                               0x08002319   Thumb Code    50  stm32f10x_i2c.o(.text)
    I2C_Init                                 0x0800234b   Thumb Code   222  stm32f10x_i2c.o(.text)
    I2C_StructInit                           0x08002429   Thumb Code    30  stm32f10x_i2c.o(.text)
    I2C_Cmd                                  0x08002447   Thumb Code    24  stm32f10x_i2c.o(.text)
    I2C_DMACmd                               0x0800245f   Thumb Code    24  stm32f10x_i2c.o(.text)
    I2C_DMALastTransferCmd                   0x08002477   Thumb Code    24  stm32f10x_i2c.o(.text)
    I2C_GenerateSTART                        0x0800248f   Thumb Code    24  stm32f10x_i2c.o(.text)
    I2C_GenerateSTOP                         0x080024a7   Thumb Code    24  stm32f10x_i2c.o(.text)
    I2C_AcknowledgeConfig                    0x080024bf   Thumb Code    24  stm32f10x_i2c.o(.text)
    I2C_OwnAddress2Config                    0x080024d7   Thumb Code    22  stm32f10x_i2c.o(.text)
    I2C_DualAddressCmd                       0x080024ed   Thumb Code    24  stm32f10x_i2c.o(.text)
    I2C_GeneralCallCmd                       0x08002505   Thumb Code    24  stm32f10x_i2c.o(.text)
    I2C_ITConfig                             0x0800251d   Thumb Code    18  stm32f10x_i2c.o(.text)
    I2C_SendData                             0x0800252f   Thumb Code     4  stm32f10x_i2c.o(.text)
    I2C_ReceiveData                          0x08002533   Thumb Code     8  stm32f10x_i2c.o(.text)
    I2C_Send7bitAddress                      0x0800253b   Thumb Code    18  stm32f10x_i2c.o(.text)
    I2C_ReadRegister                         0x0800254d   Thumb Code    22  stm32f10x_i2c.o(.text)
    I2C_SoftwareResetCmd                     0x08002563   Thumb Code    22  stm32f10x_i2c.o(.text)
    I2C_NACKPositionConfig                   0x08002579   Thumb Code    28  stm32f10x_i2c.o(.text)
    I2C_SMBusAlertConfig                     0x08002595   Thumb Code    28  stm32f10x_i2c.o(.text)
    I2C_TransmitPEC                          0x080025b1   Thumb Code    24  stm32f10x_i2c.o(.text)
    I2C_PECPositionConfig                    0x080025c9   Thumb Code    28  stm32f10x_i2c.o(.text)
    I2C_CalculatePEC                         0x080025e5   Thumb Code    24  stm32f10x_i2c.o(.text)
    I2C_GetPEC                               0x080025fd   Thumb Code     8  stm32f10x_i2c.o(.text)
    I2C_ARPCmd                               0x08002605   Thumb Code    24  stm32f10x_i2c.o(.text)
    I2C_StretchClockCmd                      0x0800261d   Thumb Code    24  stm32f10x_i2c.o(.text)
    I2C_FastModeDutyCycleConfig              0x08002635   Thumb Code    28  stm32f10x_i2c.o(.text)
    I2C_CheckEvent                           0x08002651   Thumb Code    42  stm32f10x_i2c.o(.text)
    I2C_GetLastEvent                         0x0800267b   Thumb Code    26  stm32f10x_i2c.o(.text)
    I2C_GetFlagStatus                        0x08002695   Thumb Code    58  stm32f10x_i2c.o(.text)
    I2C_ClearFlag                            0x080026cf   Thumb Code    12  stm32f10x_i2c.o(.text)
    I2C_GetITStatus                          0x080026db   Thumb Code    54  stm32f10x_i2c.o(.text)
    I2C_ClearITPendingBit                    0x08002711   Thumb Code    12  stm32f10x_i2c.o(.text)
    TIM_DeInit                               0x0800271d   Thumb Code   424  stm32f10x_tim.o(.text)
    TIM_TimeBaseInit                         0x080028c5   Thumb Code   122  stm32f10x_tim.o(.text)
    TIM_OC1Init                              0x0800293f   Thumb Code   132  stm32f10x_tim.o(.text)
    TIM_OC2Init                              0x080029c3   Thumb Code   154  stm32f10x_tim.o(.text)
    TIM_OC3Init                              0x08002a5d   Thumb Code   150  stm32f10x_tim.o(.text)
    TIM_OC4Init                              0x08002af3   Thumb Code   182  stm32f10x_tim.o(.text)
    TIM_SetIC4Prescaler                      0x08002ba9   Thumb Code    26  stm32f10x_tim.o(.text)
    TIM_SetIC3Prescaler                      0x08002c45   Thumb Code    18  stm32f10x_tim.o(.text)
    TIM_SetIC2Prescaler                      0x08002cd1   Thumb Code    26  stm32f10x_tim.o(.text)
    TIM_SetIC1Prescaler                      0x08002d6d   Thumb Code    18  stm32f10x_tim.o(.text)
    TIM_ICInit                               0x08002deb   Thumb Code   150  stm32f10x_tim.o(.text)
    TIM_PWMIConfig                           0x08002e81   Thumb Code   124  stm32f10x_tim.o(.text)
    TIM_BDTRConfig                           0x08002efd   Thumb Code    32  stm32f10x_tim.o(.text)
    TIM_TimeBaseStructInit                   0x08002f1d   Thumb Code    18  stm32f10x_tim.o(.text)
    TIM_OCStructInit                         0x08002f2f   Thumb Code    20  stm32f10x_tim.o(.text)
    TIM_ICStructInit                         0x08002f43   Thumb Code    18  stm32f10x_tim.o(.text)
    TIM_BDTRStructInit                       0x08002f55   Thumb Code    40  stm32f10x_tim.o(.text)
    TIM_Cmd                                  0x08002f7d   Thumb Code    24  stm32f10x_tim.o(.text)
    TIM_CtrlPWMOutputs                       0x08002f95   Thumb Code    30  stm32f10x_tim.o(.text)
    TIM_ITConfig                             0x08002fb3   Thumb Code    18  stm32f10x_tim.o(.text)
    TIM_GenerateEvent                        0x08002fc5   Thumb Code     4  stm32f10x_tim.o(.text)
    TIM_DMAConfig                            0x08002fc9   Thumb Code    10  stm32f10x_tim.o(.text)
    TIM_DMACmd                               0x08002fd3   Thumb Code    18  stm32f10x_tim.o(.text)
    TIM_InternalClockConfig                  0x08002fe5   Thumb Code    12  stm32f10x_tim.o(.text)
    TIM_SelectInputTrigger                   0x08002ff1   Thumb Code    18  stm32f10x_tim.o(.text)
    TIM_ITRxExternalClockConfig              0x08003003   Thumb Code    24  stm32f10x_tim.o(.text)
    TIM_TIxExternalClockConfig               0x0800301b   Thumb Code    62  stm32f10x_tim.o(.text)
    TIM_ETRConfig                            0x08003059   Thumb Code    28  stm32f10x_tim.o(.text)
    TIM_ETRClockMode1Config                  0x08003075   Thumb Code    54  stm32f10x_tim.o(.text)
    TIM_ETRClockMode2Config                  0x080030ab   Thumb Code    32  stm32f10x_tim.o(.text)
    TIM_PrescalerConfig                      0x080030cb   Thumb Code     6  stm32f10x_tim.o(.text)
    TIM_CounterModeConfig                    0x080030d1   Thumb Code    18  stm32f10x_tim.o(.text)
    TIM_EncoderInterfaceConfig               0x080030e3   Thumb Code    66  stm32f10x_tim.o(.text)
    TIM_ForcedOC1Config                      0x08003125   Thumb Code    18  stm32f10x_tim.o(.text)
    TIM_ForcedOC2Config                      0x08003137   Thumb Code    26  stm32f10x_tim.o(.text)
    TIM_ForcedOC3Config                      0x08003151   Thumb Code    18  stm32f10x_tim.o(.text)
    TIM_ForcedOC4Config                      0x08003163   Thumb Code    26  stm32f10x_tim.o(.text)
    TIM_ARRPreloadConfig                     0x0800317d   Thumb Code    24  stm32f10x_tim.o(.text)
    TIM_SelectCOM                            0x08003195   Thumb Code    24  stm32f10x_tim.o(.text)
    TIM_SelectCCDMA                          0x080031ad   Thumb Code    24  stm32f10x_tim.o(.text)
    TIM_CCPreloadControl                     0x080031c5   Thumb Code    24  stm32f10x_tim.o(.text)
    TIM_OC1PreloadConfig                     0x080031dd   Thumb Code    18  stm32f10x_tim.o(.text)
    TIM_OC2PreloadConfig                     0x080031ef   Thumb Code    26  stm32f10x_tim.o(.text)
    TIM_OC3PreloadConfig                     0x08003209   Thumb Code    18  stm32f10x_tim.o(.text)
    TIM_OC4PreloadConfig                     0x0800321b   Thumb Code    26  stm32f10x_tim.o(.text)
    TIM_OC1FastConfig                        0x08003235   Thumb Code    18  stm32f10x_tim.o(.text)
    TIM_OC2FastConfig                        0x08003247   Thumb Code    26  stm32f10x_tim.o(.text)
    TIM_OC3FastConfig                        0x08003261   Thumb Code    18  stm32f10x_tim.o(.text)
    TIM_OC4FastConfig                        0x08003273   Thumb Code    26  stm32f10x_tim.o(.text)
    TIM_ClearOC1Ref                          0x0800328d   Thumb Code    18  stm32f10x_tim.o(.text)
    TIM_ClearOC2Ref                          0x0800329f   Thumb Code    24  stm32f10x_tim.o(.text)
    TIM_ClearOC3Ref                          0x080032b7   Thumb Code    18  stm32f10x_tim.o(.text)
    TIM_ClearOC4Ref                          0x080032c9   Thumb Code    24  stm32f10x_tim.o(.text)
    TIM_OC1PolarityConfig                    0x080032e1   Thumb Code    18  stm32f10x_tim.o(.text)
    TIM_OC1NPolarityConfig                   0x080032f3   Thumb Code    18  stm32f10x_tim.o(.text)
    TIM_OC2PolarityConfig                    0x08003305   Thumb Code    26  stm32f10x_tim.o(.text)
    TIM_OC2NPolarityConfig                   0x0800331f   Thumb Code    26  stm32f10x_tim.o(.text)
    TIM_OC3PolarityConfig                    0x08003339   Thumb Code    26  stm32f10x_tim.o(.text)
    TIM_OC3NPolarityConfig                   0x08003353   Thumb Code    26  stm32f10x_tim.o(.text)
    TIM_OC4PolarityConfig                    0x0800336d   Thumb Code    26  stm32f10x_tim.o(.text)
    TIM_CCxCmd                               0x08003387   Thumb Code    30  stm32f10x_tim.o(.text)
    TIM_CCxNCmd                              0x080033a5   Thumb Code    30  stm32f10x_tim.o(.text)
    TIM_SelectOCxM                           0x080033c3   Thumb Code    82  stm32f10x_tim.o(.text)
    TIM_UpdateDisableConfig                  0x08003415   Thumb Code    24  stm32f10x_tim.o(.text)
    TIM_UpdateRequestConfig                  0x0800342d   Thumb Code    24  stm32f10x_tim.o(.text)
    TIM_SelectHallSensor                     0x08003445   Thumb Code    24  stm32f10x_tim.o(.text)
    TIM_SelectOnePulseMode                   0x0800345d   Thumb Code    18  stm32f10x_tim.o(.text)
    TIM_SelectOutputTrigger                  0x0800346f   Thumb Code    18  stm32f10x_tim.o(.text)
    TIM_SelectSlaveMode                      0x08003481   Thumb Code    18  stm32f10x_tim.o(.text)
    TIM_SelectMasterSlaveMode                0x08003493   Thumb Code    18  stm32f10x_tim.o(.text)
    TIM_SetCounter                           0x080034a5   Thumb Code     4  stm32f10x_tim.o(.text)
    TIM_SetAutoreload                        0x080034a9   Thumb Code     4  stm32f10x_tim.o(.text)
    TIM_SetCompare1                          0x080034ad   Thumb Code     4  stm32f10x_tim.o(.text)
    TIM_SetCompare2                          0x080034b1   Thumb Code     4  stm32f10x_tim.o(.text)
    TIM_SetCompare3                          0x080034b5   Thumb Code     4  stm32f10x_tim.o(.text)
    TIM_SetCompare4                          0x080034b9   Thumb Code     6  stm32f10x_tim.o(.text)
    TIM_SetClockDivision                     0x080034bf   Thumb Code    18  stm32f10x_tim.o(.text)
    TIM_GetCapture1                          0x080034d1   Thumb Code     6  stm32f10x_tim.o(.text)
    TIM_GetCapture2                          0x080034d7   Thumb Code     6  stm32f10x_tim.o(.text)
    TIM_GetCapture3                          0x080034dd   Thumb Code     6  stm32f10x_tim.o(.text)
    TIM_GetCapture4                          0x080034e3   Thumb Code     8  stm32f10x_tim.o(.text)
    TIM_GetCounter                           0x080034eb   Thumb Code     6  stm32f10x_tim.o(.text)
    TIM_GetPrescaler                         0x080034f1   Thumb Code     6  stm32f10x_tim.o(.text)
    TIM_GetFlagStatus                        0x080034f7   Thumb Code    18  stm32f10x_tim.o(.text)
    TIM_ClearFlag                            0x08003509   Thumb Code     6  stm32f10x_tim.o(.text)
    TIM_GetITStatus                          0x0800350f   Thumb Code    34  stm32f10x_tim.o(.text)
    TIM_ClearITPendingBit                    0x08003531   Thumb Code     6  stm32f10x_tim.o(.text)
    __use_no_semihosting                     0x08003537   Thumb Code     2  use_no_semi_2.o(.text)
    __use_two_region_memory                  0x08003539   Thumb Code     2  heapauxi.o(.text)
    __rt_heap_escrow$2region                 0x0800353b   Thumb Code     2  heapauxi.o(.text)
    __rt_heap_expand$2region                 0x0800353d   Thumb Code     2  heapauxi.o(.text)
    __I$use$semihosting                      0x0800353f   Thumb Code     0  use_no_semi.o(.text)
    __use_no_semihosting_swi                 0x0800353f   Thumb Code     2  use_no_semi.o(.text)
    __user_libspace                          0x08003541   Thumb Code     8  libspace.o(.text)
    __user_perproc_libspace                  0x08003541   Thumb Code     0  libspace.o(.text)
    __user_perthread_libspace                0x08003541   Thumb Code     0  libspace.o(.text)
    __user_setup_stackheap                   0x08003549   Thumb Code    74  sys_stackheap_outer.o(.text)
    exit                                     0x08003593   Thumb Code    12  exit.o(.text)
    __ARM_fpclassify                         0x0800359f   Thumb Code    40  fpclassify.o(i.__ARM_fpclassify)
    __kernel_poly                            0x080035c7   Thumb Code   170  poly.o(i.__kernel_poly)
    __mathlib_dbl_infnan                     0x08003671   Thumb Code     6  dunder.o(i.__mathlib_dbl_infnan)
    __mathlib_dbl_infnan2                    0x08003677   Thumb Code     4  dunder.o(i.__mathlib_dbl_infnan2)
    __mathlib_dbl_underflow                  0x0800367d   Thumb Code    10  dunder.o(i.__mathlib_dbl_underflow)
    atan                                     0x0800368d   Thumb Code   474  atan.o(i.atan)
    atan2                                    0x080038ad   Thumb Code   346  atan2.o(i.atan2)
    __aeabi_d2f                              0x08003a2d   Thumb Code     0  d2f.o(x$fpl$d2f)
    _d2f                                     0x08003a2d   Thumb Code    98  d2f.o(x$fpl$d2f)
    __aeabi_dadd                             0x08003a91   Thumb Code     0  daddsub_clz.o(x$fpl$dadd)
    _dadd                                    0x08003a91   Thumb Code   332  daddsub_clz.o(x$fpl$dadd)
    __fpl_dcheck_NaN1                        0x08003be1   Thumb Code    10  dcheck1.o(x$fpl$dcheck1)
    __aeabi_ddiv                             0x08003bf1   Thumb Code     0  ddiv.o(x$fpl$ddiv)
    _ddiv                                    0x08003bf1   Thumb Code   552  ddiv.o(x$fpl$ddiv)
    __aeabi_i2d                              0x08003ea1   Thumb Code     0  dflt_clz.o(x$fpl$dflt)
    _dflt                                    0x08003ea1   Thumb Code    46  dflt_clz.o(x$fpl$dflt)
    __aeabi_dmul                             0x08003ed1   Thumb Code     0  dmul.o(x$fpl$dmul)
    _dmul                                    0x08003ed1   Thumb Code   332  dmul.o(x$fpl$dmul)
    __fpl_dnaninf                            0x08004025   Thumb Code   156  dnaninf.o(x$fpl$dnaninf)
    __fpl_dretinf                            0x080040c1   Thumb Code    12  dretinf.o(x$fpl$dretinf)
    __aeabi_drsub                            0x080040cd   Thumb Code     0  daddsub_clz.o(x$fpl$drsb)
    _drsb                                    0x080040cd   Thumb Code    22  daddsub_clz.o(x$fpl$drsb)
    __aeabi_dsub                             0x080040e5   Thumb Code     0  daddsub_clz.o(x$fpl$dsub)
    _dsub                                    0x080040e5   Thumb Code   464  daddsub_clz.o(x$fpl$dsub)
    __aeabi_f2d                              0x080042b9   Thumb Code     0  f2d.o(x$fpl$f2d)
    _f2d                                     0x080042b9   Thumb Code    86  f2d.o(x$fpl$f2d)
    __aeabi_f2iz                             0x08004311   Thumb Code     0  ffix.o(x$fpl$ffix)
    _ffix                                    0x08004311   Thumb Code    54  ffix.o(x$fpl$ffix)
    __aeabi_fmul                             0x08004349   Thumb Code     0  fmul.o(x$fpl$fmul)
    _fmul                                    0x08004349   Thumb Code   258  fmul.o(x$fpl$fmul)
    __fpl_fnaninf                            0x0800444b   Thumb Code   140  fnaninf.o(x$fpl$fnaninf)
    __fpl_fretinf                            0x080044d7   Thumb Code    10  fretinf.o(x$fpl$fretinf)
    __fpl_return_NaN                         0x080044e1   Thumb Code   100  retnan.o(x$fpl$retnan)
    __ARM_scalbn                             0x08004545   Thumb Code    92  scalbn.o(x$fpl$scalbn)
    __fpl_cmpreturn                          0x080045a1   Thumb Code    48  trapv.o(x$fpl$trapveneer)
    F6x8                                     0x080045d0   Data         552  oled.o(.constdata)
    __I$use$fp                               0x080045d0   Number         0  usenofp.o(x$fpl$usenofp)
    F8X16                                    0x080047f8   Data        1520  oled.o(.constdata)
    __mathlib_zero                           0x08004e80   Data           8  qnan.o(.constdata)
    Region$$Table$$Base                      0x08004e88   Number         0  anon$$obj.o(Region$$Table)
    Region$$Table$$Limit                     0x08004ea8   Number         0  anon$$obj.o(Region$$Table)
    str0                                     0x20000000   Data           6  main.o(.data)
    str1                                     0x20000006   Data           6  main.o(.data)
    str2                                     0x2000000c   Data           6  main.o(.data)
    str3                                     0x20000012   Data           6  main.o(.data)
    str4                                     0x20000018   Data           6  main.o(.data)
    str5                                     0x2000001e   Data           6  main.o(.data)
    aacx                                     0x20000024   Data           2  main.o(.data)
    aacy                                     0x20000026   Data           2  main.o(.data)
    aacz                                     0x20000028   Data           2  main.o(.data)
    gyrox                                    0x2000002a   Data           2  main.o(.data)
    gyroy                                    0x2000002c   Data           2  main.o(.data)
    gyroz                                    0x2000002e   Data           2  main.o(.data)
    gyrox_1                                  0x20000030   Data           4  main.o(.data)
    gyroy_1                                  0x20000034   Data           4  main.o(.data)
    gyroz_1                                  0x20000038   Data           4  main.o(.data)
    pitch                                    0x2000003c   Data           4  main.o(.data)
    roll                                     0x20000040   Data           4  main.o(.data)
    yaw                                      0x20000044   Data           4  main.o(.data)
    Accel_X                                  0x20000048   Data           4  main.o(.data)
    Accel_Y                                  0x2000004c   Data           4  main.o(.data)
    SystemCoreClock                          0x20000050   Data           4  system_stm32f10x.o(.data)
    AHBPrescTable                            0x20000054   Data          16  system_stm32f10x.o(.data)
    F16x16                                   0x20000064   Data         160  oled.o(.data)
    BMP1                                     0x20000104   Data        1024  oled.o(.data)
    __stdout                                 0x20000508   Data           4  usart.o(.data)
    USART_RX_STA                             0x2000050c   Data           2  usart.o(.data)
    USART_RX_BUF                             0x20000524   Data         200  usart.o(.bss)
    __libspace_start                         0x200005ec   Data          96  libspace.o(.bss)
    __temporary_stack_top$libspace           0x2000064c   Data           0  libspace.o(.bss)



==============================================================================

Memory Map of the image

  Image Entry point : 0x08000131

  Load Region LR_IROM1 (Base: 0x08000000, Size: 0x000053cc, Max: 0x00040000, ABSOLUTE, COMPRESSED[0x00005074])

    Execution Region ER_IROM1 (Base: 0x08000000, Size: 0x00004ea8, Max: 0x00040000, ABSOLUTE)

    Base Addr    Size         Type   Attr      Idx    E Section Name        Object

    0x08000000   0x00000130   Data   RO          327    RESET               startup_stm32f10x_hd.o
    0x08000130   0x00000008   Code   RO          412  * !!!main             c_w.l(__main.o)
    0x08000138   0x00000034   Code   RO          657    !!!scatter          c_w.l(__scatter.o)
    0x0800016c   0x0000005a   Code   RO          655    !!dczerorl2         c_w.l(__dczerorl2.o)
    0x080001c6   0x00000002   PAD
    0x080001c8   0x0000001c   Code   RO          659    !!handler_zi        c_w.l(__scatter_zi.o)
    0x080001e4   0x00000002   Code   RO          527    .ARM.Collect$$libinit$$00000000  c_w.l(libinit.o)
    0x080001e6   0x00000000   Code   RO          533    .ARM.Collect$$libinit$$00000002  c_w.l(libinit2.o)
    0x080001e6   0x00000000   Code   RO          535    .ARM.Collect$$libinit$$00000004  c_w.l(libinit2.o)
    0x080001e6   0x00000000   Code   RO          538    .ARM.Collect$$libinit$$0000000A  c_w.l(libinit2.o)
    0x080001e6   0x00000000   Code   RO          540    .ARM.Collect$$libinit$$0000000C  c_w.l(libinit2.o)
    0x080001e6   0x00000000   Code   RO          542    .ARM.Collect$$libinit$$0000000E  c_w.l(libinit2.o)
    0x080001e6   0x00000000   Code   RO          545    .ARM.Collect$$libinit$$00000011  c_w.l(libinit2.o)
    0x080001e6   0x00000000   Code   RO          547    .ARM.Collect$$libinit$$00000013  c_w.l(libinit2.o)
    0x080001e6   0x00000000   Code   RO          549    .ARM.Collect$$libinit$$00000015  c_w.l(libinit2.o)
    0x080001e6   0x00000000   Code   RO          551    .ARM.Collect$$libinit$$00000017  c_w.l(libinit2.o)
    0x080001e6   0x00000000   Code   RO          553    .ARM.Collect$$libinit$$00000019  c_w.l(libinit2.o)
    0x080001e6   0x00000000   Code   RO          555    .ARM.Collect$$libinit$$0000001B  c_w.l(libinit2.o)
    0x080001e6   0x00000000   Code   RO          557    .ARM.Collect$$libinit$$0000001D  c_w.l(libinit2.o)
    0x080001e6   0x00000000   Code   RO          559    .ARM.Collect$$libinit$$0000001F  c_w.l(libinit2.o)
    0x080001e6   0x00000000   Code   RO          561    .ARM.Collect$$libinit$$00000021  c_w.l(libinit2.o)
    0x080001e6   0x00000000   Code   RO          563    .ARM.Collect$$libinit$$00000023  c_w.l(libinit2.o)
    0x080001e6   0x00000000   Code   RO          565    .ARM.Collect$$libinit$$00000025  c_w.l(libinit2.o)
    0x080001e6   0x00000000   Code   RO          569    .ARM.Collect$$libinit$$0000002C  c_w.l(libinit2.o)
    0x080001e6   0x00000000   Code   RO          571    .ARM.Collect$$libinit$$0000002E  c_w.l(libinit2.o)
    0x080001e6   0x00000000   Code   RO          573    .ARM.Collect$$libinit$$00000030  c_w.l(libinit2.o)
    0x080001e6   0x00000000   Code   RO          575    .ARM.Collect$$libinit$$00000032  c_w.l(libinit2.o)
    0x080001e6   0x00000002   Code   RO          576    .ARM.Collect$$libinit$$00000033  c_w.l(libinit2.o)
    0x080001e8   0x00000002   Code   RO          598    .ARM.Collect$$libshutdown$$00000000  c_w.l(libshutdown.o)
    0x080001ea   0x00000000   Code   RO          609    .ARM.Collect$$libshutdown$$00000003  c_w.l(libshutdown2.o)
    0x080001ea   0x00000000   Code   RO          612    .ARM.Collect$$libshutdown$$00000006  c_w.l(libshutdown2.o)
    0x080001ea   0x00000000   Code   RO          615    .ARM.Collect$$libshutdown$$00000009  c_w.l(libshutdown2.o)
    0x080001ea   0x00000000   Code   RO          617    .ARM.Collect$$libshutdown$$0000000B  c_w.l(libshutdown2.o)
    0x080001ea   0x00000000   Code   RO          620    .ARM.Collect$$libshutdown$$0000000E  c_w.l(libshutdown2.o)
    0x080001ea   0x00000002   Code   RO          621    .ARM.Collect$$libshutdown$$0000000F  c_w.l(libshutdown2.o)
    0x080001ec   0x00000000   Code   RO          452    .ARM.Collect$$rtentry$$00000000  c_w.l(__rtentry.o)
    0x080001ec   0x00000000   Code   RO          490    .ARM.Collect$$rtentry$$00000002  c_w.l(__rtentry2.o)
    0x080001ec   0x00000006   Code   RO          502    .ARM.Collect$$rtentry$$00000004  c_w.l(__rtentry4.o)
    0x080001f2   0x00000000   Code   RO          492    .ARM.Collect$$rtentry$$00000009  c_w.l(__rtentry2.o)
    0x080001f2   0x00000004   Code   RO          493    .ARM.Collect$$rtentry$$0000000A  c_w.l(__rtentry2.o)
    0x080001f6   0x00000000   Code   RO          495    .ARM.Collect$$rtentry$$0000000C  c_w.l(__rtentry2.o)
    0x080001f6   0x00000008   Code   RO          496    .ARM.Collect$$rtentry$$0000000D  c_w.l(__rtentry2.o)
    0x080001fe   0x00000002   Code   RO          530    .ARM.Collect$$rtexit$$00000000  c_w.l(rtexit.o)
    0x08000200   0x00000000   Code   RO          580    .ARM.Collect$$rtexit$$00000002  c_w.l(rtexit2.o)
    0x08000200   0x00000004   Code   RO          581    .ARM.Collect$$rtexit$$00000003  c_w.l(rtexit2.o)
    0x08000204   0x00000006   Code   RO          582    .ARM.Collect$$rtexit$$00000004  c_w.l(rtexit2.o)
    0x0800020a   0x00000002   PAD
    0x0800020c   0x00000674   Code   RO            1    .text               main.o
    0x08000880   0x0000001a   Code   RO          137    .text               stm32f10x_it.o
    0x0800089a   0x00000002   PAD
    0x0800089c   0x000001e0   Code   RO          178    .text               system_stm32f10x.o
    0x08000a7c   0x00000050   Code   RO          196    .text               led.o
    0x08000acc   0x0000041c   Code   RO          208    .text               oled.o
    0x08000ee8   0x00000598   Code   RO          225    .text               mpu6050.o
    0x08001480   0x0000005c   Code   RO          237    .text               timer.o
    0x080014dc   0x000000d4   Code   RO          261    .text               delay.o
    0x080015b0   0x00000144   Code   RO          292    .text               usart.o
    0x080016f4   0x00000040   Code   RO          328    .text               startup_stm32f10x_hd.o
    0x08001734   0x0000035c   Code   RO          332    .text               stm32f10x_gpio.o
    0x08001a90   0x000003a4   Code   RO          344    .text               stm32f10x_rcc.o
    0x08001e34   0x00000408   Code   RO          358    .text               stm32f10x_usart.o
    0x0800223c   0x000000dc   Code   RO          370    .text               misc.o
    0x08002318   0x00000404   Code   RO          382    .text               stm32f10x_i2c.o
    0x0800271c   0x00000e1a   Code   RO          394    .text               stm32f10x_tim.o
    0x08003536   0x00000002   Code   RO          408    .text               c_w.l(use_no_semi_2.o)
    0x08003538   0x00000006   Code   RO          410    .text               c_w.l(heapauxi.o)
    0x0800353e   0x00000002   Code   RO          450    .text               c_w.l(use_no_semi.o)
    0x08003540   0x00000008   Code   RO          515    .text               c_w.l(libspace.o)
    0x08003548   0x0000004a   Code   RO          518    .text               c_w.l(sys_stackheap_outer.o)
    0x08003592   0x0000000c   Code   RO          520    .text               c_w.l(exit.o)
    0x0800359e   0x00000028   Code   RO          511    i.__ARM_fpclassify  m_ws.l(fpclassify.o)
    0x080035c6   0x000000aa   Code   RO          513    i.__kernel_poly     m_ws.l(poly.o)
    0x08003670   0x00000006   Code   RO          475    i.__mathlib_dbl_infnan  m_ws.l(dunder.o)
    0x08003676   0x00000004   Code   RO          476    i.__mathlib_dbl_infnan2  m_ws.l(dunder.o)
    0x0800367a   0x00000002   PAD
    0x0800367c   0x00000010   Code   RO          480    i.__mathlib_dbl_underflow  m_ws.l(dunder.o)
    0x0800368c   0x00000220   Code   RO          465    i.atan              m_ws.l(atan.o)
    0x080038ac   0x00000180   Code   RO          443    i.atan2             m_ws.l(atan2.o)
    0x08003a2c   0x00000062   Code   RO          414    x$fpl$d2f           fz_ws.l(d2f.o)
    0x08003a8e   0x00000002   PAD
    0x08003a90   0x00000150   Code   RO          416    x$fpl$dadd          fz_ws.l(daddsub_clz.o)
    0x08003be0   0x00000010   Code   RO          528    x$fpl$dcheck1       fz_ws.l(dcheck1.o)
    0x08003bf0   0x000002b0   Code   RO          423    x$fpl$ddiv          fz_ws.l(ddiv.o)
    0x08003ea0   0x0000002e   Code   RO          427    x$fpl$dflt          fz_ws.l(dflt_clz.o)
    0x08003ece   0x00000002   PAD
    0x08003ed0   0x00000154   Code   RO          432    x$fpl$dmul          fz_ws.l(dmul.o)
    0x08004024   0x0000009c   Code   RO          455    x$fpl$dnaninf       fz_ws.l(dnaninf.o)
    0x080040c0   0x0000000c   Code   RO          457    x$fpl$dretinf       fz_ws.l(dretinf.o)
    0x080040cc   0x00000016   Code   RO          417    x$fpl$drsb          fz_ws.l(daddsub_clz.o)
    0x080040e2   0x00000002   PAD
    0x080040e4   0x000001d4   Code   RO          418    x$fpl$dsub          fz_ws.l(daddsub_clz.o)
    0x080042b8   0x00000056   Code   RO          434    x$fpl$f2d           fz_ws.l(f2d.o)
    0x0800430e   0x00000002   PAD
    0x08004310   0x00000036   Code   RO          436    x$fpl$ffix          fz_ws.l(ffix.o)
    0x08004346   0x00000002   PAD
    0x08004348   0x00000102   Code   RO          440    x$fpl$fmul          fz_ws.l(fmul.o)
    0x0800444a   0x0000008c   Code   RO          459    x$fpl$fnaninf       fz_ws.l(fnaninf.o)
    0x080044d6   0x0000000a   Code   RO          461    x$fpl$fretinf       fz_ws.l(fretinf.o)
    0x080044e0   0x00000064   Code   RO          577    x$fpl$retnan        fz_ws.l(retnan.o)
    0x08004544   0x0000005c   Code   RO          509    x$fpl$scalbn        fz_ws.l(scalbn.o)
    0x080045a0   0x00000030   Code   RO          590    x$fpl$trapveneer    fz_ws.l(trapv.o)
    0x080045d0   0x00000000   Code   RO          463    x$fpl$usenofp       fz_ws.l(usenofp.o)
    0x080045d0   0x00000818   Data   RO          209    .constdata          oled.o
    0x08004de8   0x00000098   Data   RO          466    .constdata          m_ws.l(atan.o)
    0x08004e80   0x00000008   Data   RO          488    .constdata          m_ws.l(qnan.o)
    0x08004e88   0x00000020   Data   RO          653    Region$$Table       anon$$obj.o


    Execution Region RW_IRAM1 (Base: 0x20000000, Size: 0x00000c50, Max: 0x0000c000, ABSOLUTE, COMPRESSED[0x000001cc])

    Base Addr    Size         Type   Attr      Idx    E Section Name        Object

    0x20000000   0x00000050   Data   RW            2    .data               main.o
    0x20000050   0x00000014   Data   RW          179    .data               system_stm32f10x.o
    0x20000064   0x000004a0   Data   RW          210    .data               oled.o
    0x20000504   0x00000004   Data   RW          262    .data               delay.o
    0x20000508   0x00000006   Data   RW          294    .data               usart.o
    0x2000050e   0x00000014   Data   RW          345    .data               stm32f10x_rcc.o
    0x20000522   0x00000002   PAD
    0x20000524   0x000000c8   Zero   RW          293    .bss                usart.o
    0x200005ec   0x00000060   Zero   RW          516    .bss                c_w.l(libspace.o)
    0x2000064c   0x00000004   PAD
    0x20000650   0x00000200   Zero   RW          326    HEAP                startup_stm32f10x_hd.o
    0x20000850   0x00000400   Zero   RW          325    STACK               startup_stm32f10x_hd.o


==============================================================================

Image component sizes


      Code (inc. data)   RO Data    RW Data    ZI Data      Debug   Object Name

       212         18          0          4          0        967   delay.o
        80          8          0          0          0        467   led.o
      1652        164          0         80          0     263120   main.o
       220         22          0          0          0       1745   misc.o
      1432         36          0          0          0       5013   mpu6050.o
      1052         34       2072       1184          0       3817   oled.o
        64         26        304          0       1536        772   startup_stm32f10x_hd.o
       860         38          0          0          0       5589   stm32f10x_gpio.o
      1028         16          0          0          0       9047   stm32f10x_i2c.o
        26          0          0          0          0       1150   stm32f10x_it.o
       932         36          0         20          0       8728   stm32f10x_rcc.o
      3610         88          0          0          0      22072   stm32f10x_tim.o
      1032         22          0          0          0       8312   stm32f10x_usart.o
         0          0          0          0          0         32   sys.o
       480         38          0         20          0       1655   system_stm32f10x.o
        92          4          0          0          0        608   timer.o
       324         18          0          6        200       3062   usart.o

    ----------------------------------------------------------------------
     13098        568       2408       1316       1736     336156   Object Totals
         0          0         32          0          0          0   (incl. Generated)
         2          0          0          2          0          0   (incl. Padding)

    ----------------------------------------------------------------------

      Code (inc. data)   RO Data    RW Data    ZI Data      Debug   Library Member Name

        90          0          0          0          0          0   __dczerorl2.o
         8          0          0          0          0         68   __main.o
         0          0          0          0          0          0   __rtentry.o
        12          0          0          0          0          0   __rtentry2.o
         6          0          0          0          0          0   __rtentry4.o
        52          8          0          0          0          0   __scatter.o
        28          0          0          0          0          0   __scatter_zi.o
        12          0          0          0          0         72   exit.o
         6          0          0          0          0        152   heapauxi.o
         2          0          0          0          0          0   libinit.o
         2          0          0          0          0          0   libinit2.o
         2          0          0          0          0          0   libshutdown.o
         2          0          0          0          0          0   libshutdown2.o
         8          4          0          0         96         68   libspace.o
         2          0          0          0          0          0   rtexit.o
        10          0          0          0          0          0   rtexit2.o
        74          0          0          0          0         80   sys_stackheap_outer.o
         2          0          0          0          0         68   use_no_semi.o
         2          0          0          0          0         68   use_no_semi_2.o
        98          4          0          0          0         92   d2f.o
       826         16          0          0          0        348   daddsub_clz.o
        16          4          0          0          0         68   dcheck1.o
       688        140          0          0          0        208   ddiv.o
        46          0          0          0          0         68   dflt_clz.o
       340         12          0          0          0        104   dmul.o
       156          4          0          0          0         92   dnaninf.o
        12          0          0          0          0         68   dretinf.o
        86          4          0          0          0         84   f2d.o
        54          4          0          0          0         84   ffix.o
       258          4          0          0          0         84   fmul.o
       140          4          0          0          0         84   fnaninf.o
        10          0          0          0          0         68   fretinf.o
       100          0          0          0          0         68   retnan.o
        92          0          0          0          0         68   scalbn.o
        48          0          0          0          0         68   trapv.o
         0          0          0          0          0          0   usenofp.o
       544         70        152          0          0        124   atan.o
       384         38          0          0          0        144   atan2.o
        26          6          0          0          0        204   dunder.o
        40          0          0          0          0         68   fpclassify.o
       170          0          0          0          0         96   poly.o
         0          0          8          0          0          0   qnan.o

    ----------------------------------------------------------------------
      4470        322        160          0        100       2868   Library Totals
        16          0          0          0          4          0   (incl. Padding)

    ----------------------------------------------------------------------

      Code (inc. data)   RO Data    RW Data    ZI Data      Debug   Library Name

       320         12          0          0         96        576   c_w.l
      2970        196          0          0          0       1656   fz_ws.l
      1164        114        160          0          0        636   m_ws.l

    ----------------------------------------------------------------------
      4470        322        160          0        100       2868   Library Totals

    ----------------------------------------------------------------------

==============================================================================


      Code (inc. data)   RO Data    RW Data    ZI Data      Debug   

     17568        890       2568       1316       1836     336316   Grand Totals
     17568        890       2568        460       1836     336316   ELF Image Totals (compressed)
     17568        890       2568        460          0          0   ROM Totals

==============================================================================

    Total RO  Size (Code + RO Data)                20136 (  19.66kB)
    Total RW  Size (RW Data + ZI Data)              3152 (   3.08kB)
    Total ROM Size (Code + RO Data + RW Data)      20596 (  20.11kB)

==============================================================================

